[2026-01-01T18:13:31.369+0530] {manager.py:470} INFO - Processing files using up to 1 processes at a time 
[2026-01-01T18:13:31.372+0530] {manager.py:471} INFO - Process each file at most once every 30 seconds
[2026-01-01T18:13:31.373+0530] {manager.py:472} INFO - Checking for new files in /Users/kara/Desktop/solana-transfer-lake/airflow/airflow_home/dags every 300 seconds
[2026-01-01T18:13:31.374+0530] {manager.py:737} INFO - Searching for files in /Users/kara/Desktop/solana-transfer-lake/airflow/airflow_home/dags
[2026-01-01T18:13:31.380+0530] {manager.py:740} INFO - There are 1 files in /Users/kara/Desktop/solana-transfer-lake/airflow/airflow_home/dags
[2026-01-01T18:13:34.581+0530] {manager.py:878} INFO - 
================================================================================
DAG File Processing Stats

File Path                                                                                       PID    Runtime      # DAGs    # Errors  Last Runtime    Last Run
----------------------------------------------------------------------------------------------  -----  ---------  --------  ----------  --------------  -------------------
/Users/kara/Desktop/solana-transfer-lake/airflow/airflow_home/dags/solana_transfer_lake_dag.py                           1           0  3.05s           2026-01-01T12:43:34
================================================================================
[2026-01-01T18:14:10.383+0530] {manager.py:878} INFO - 
================================================================================
DAG File Processing Stats

File Path                                                                                       PID    Runtime      # DAGs    # Errors  Last Runtime    Last Run
----------------------------------------------------------------------------------------------  -----  ---------  --------  ----------  --------------  -------------------
/Users/kara/Desktop/solana-transfer-lake/airflow/airflow_home/dags/solana_transfer_lake_dag.py                           1           0  5.45s           2026-01-01T12:44:10
================================================================================
[2026-01-01T18:14:46.975+0530] {manager.py:878} INFO - 
================================================================================
DAG File Processing Stats

File Path                                                                                       PID    Runtime      # DAGs    # Errors  Last Runtime    Last Run
----------------------------------------------------------------------------------------------  -----  ---------  --------  ----------  --------------  -------------------
/Users/kara/Desktop/solana-transfer-lake/airflow/airflow_home/dags/solana_transfer_lake_dag.py                           1           0  6.44s           2026-01-01T12:44:46
================================================================================
[2026-01-01T18:15:22.482+0530] {manager.py:878} INFO - 
================================================================================
DAG File Processing Stats

File Path                                                                                       PID    Runtime      # DAGs    # Errors  Last Runtime    Last Run
----------------------------------------------------------------------------------------------  -----  ---------  --------  ----------  --------------  -------------------
/Users/kara/Desktop/solana-transfer-lake/airflow/airflow_home/dags/solana_transfer_lake_dag.py                           1           0  5.39s           2026-01-01T12:45:22
================================================================================
[2026-01-01T18:15:57.895+0530] {manager.py:878} INFO - 
================================================================================
DAG File Processing Stats

File Path                                                                                       PID    Runtime      # DAGs    # Errors  Last Runtime    Last Run
----------------------------------------------------------------------------------------------  -----  ---------  --------  ----------  --------------  -------------------
/Users/kara/Desktop/solana-transfer-lake/airflow/airflow_home/dags/solana_transfer_lake_dag.py                           1           0  5.34s           2026-01-01T12:45:57
================================================================================
[2026-01-01T18:16:32.469+0530] {manager.py:878} INFO - 
================================================================================
DAG File Processing Stats

File Path                                                                                       PID    Runtime      # DAGs    # Errors  Last Runtime    Last Run
----------------------------------------------------------------------------------------------  -----  ---------  --------  ----------  --------------  -------------------
/Users/kara/Desktop/solana-transfer-lake/airflow/airflow_home/dags/solana_transfer_lake_dag.py                           1           0  4.46s           2026-01-01T12:46:32
================================================================================
[2026-01-01T18:17:10.826+0530] {manager.py:878} INFO - 
================================================================================
DAG File Processing Stats

File Path                                                                                       PID    Runtime      # DAGs    # Errors  Last Runtime    Last Run
----------------------------------------------------------------------------------------------  -----  ---------  --------  ----------  --------------  -------------------
/Users/kara/Desktop/solana-transfer-lake/airflow/airflow_home/dags/solana_transfer_lake_dag.py                           1           0  8.23s           2026-01-01T12:47:10
================================================================================
[2026-01-01T18:17:11.436+0530] {manager.py:452} INFO - Exiting gracefully upon receiving signal 15
[2026-01-01T18:20:20.755+0530] {manager.py:470} INFO - Processing files using up to 1 processes at a time 
[2026-01-01T18:20:20.757+0530] {manager.py:471} INFO - Process each file at most once every 30 seconds
[2026-01-01T18:20:20.758+0530] {manager.py:472} INFO - Checking for new files in /Users/kara/Desktop/solana-transfer-lake/airflow/airflow_home/dags every 300 seconds
[2026-01-01T18:20:20.760+0530] {manager.py:737} INFO - Searching for files in /Users/kara/Desktop/solana-transfer-lake/airflow/airflow_home/dags
[2026-01-01T18:20:20.766+0530] {manager.py:740} INFO - There are 1 files in /Users/kara/Desktop/solana-transfer-lake/airflow/airflow_home/dags
[2026-01-01T18:20:25.915+0530] {manager.py:878} INFO - 
================================================================================
DAG File Processing Stats

File Path                                                                                       PID    Runtime      # DAGs    # Errors  Last Runtime    Last Run
----------------------------------------------------------------------------------------------  -----  ---------  --------  ----------  --------------  -------------------
/Users/kara/Desktop/solana-transfer-lake/airflow/airflow_home/dags/solana_transfer_lake_dag.py                           1           0  4.89s           2026-01-01T12:50:25
================================================================================
[2026-01-01T18:21:01.734+0530] {manager.py:878} INFO - 
================================================================================
DAG File Processing Stats

File Path                                                                                       PID    Runtime      # DAGs    # Errors  Last Runtime    Last Run
----------------------------------------------------------------------------------------------  -----  ---------  --------  ----------  --------------  -------------------
/Users/kara/Desktop/solana-transfer-lake/airflow/airflow_home/dags/solana_transfer_lake_dag.py                           1           0  5.50s           2026-01-01T12:51:01
================================================================================
[2026-01-01T18:21:36.745+0530] {manager.py:878} INFO - 
================================================================================
DAG File Processing Stats

File Path                                                                                       PID    Runtime      # DAGs    # Errors  Last Runtime    Last Run
----------------------------------------------------------------------------------------------  -----  ---------  --------  ----------  --------------  -------------------
/Users/kara/Desktop/solana-transfer-lake/airflow/airflow_home/dags/solana_transfer_lake_dag.py                           1           0  4.88s           2026-01-01T12:51:36
================================================================================
[2026-01-01T18:22:12.280+0530] {manager.py:878} INFO - 
================================================================================
DAG File Processing Stats

File Path                                                                                       PID    Runtime      # DAGs    # Errors  Last Runtime    Last Run
----------------------------------------------------------------------------------------------  -----  ---------  --------  ----------  --------------  -------------------
/Users/kara/Desktop/solana-transfer-lake/airflow/airflow_home/dags/solana_transfer_lake_dag.py                           1           0  5.43s           2026-01-01T12:52:12
================================================================================
[2026-01-01T18:22:48.385+0530] {manager.py:878} INFO - 
================================================================================
DAG File Processing Stats

File Path                                                                                       PID    Runtime      # DAGs    # Errors  Last Runtime    Last Run
----------------------------------------------------------------------------------------------  -----  ---------  --------  ----------  --------------  -------------------
/Users/kara/Desktop/solana-transfer-lake/airflow/airflow_home/dags/solana_transfer_lake_dag.py                           1           0  5.91s           2026-01-01T12:52:48
================================================================================
[2026-01-01T18:23:27.259+0530] {manager.py:878} INFO - 
================================================================================
DAG File Processing Stats

File Path                                                                                       PID    Runtime      # DAGs    # Errors  Last Runtime    Last Run
----------------------------------------------------------------------------------------------  -----  ---------  --------  ----------  --------------  -------------------
/Users/kara/Desktop/solana-transfer-lake/airflow/airflow_home/dags/solana_transfer_lake_dag.py                           1           0  8.75s           2026-01-01T12:53:27
================================================================================
[2026-01-01T18:24:02.061+0530] {manager.py:878} INFO - 
================================================================================
DAG File Processing Stats

File Path                                                                                       PID    Runtime      # DAGs    # Errors  Last Runtime    Last Run
----------------------------------------------------------------------------------------------  -----  ---------  --------  ----------  --------------  -------------------
/Users/kara/Desktop/solana-transfer-lake/airflow/airflow_home/dags/solana_transfer_lake_dag.py                           1           0  4.52s           2026-01-01T12:54:02
================================================================================
[2026-01-01T18:24:36.019+0530] {manager.py:878} INFO - 
================================================================================
DAG File Processing Stats

File Path                                                                                       PID    Runtime      # DAGs    # Errors  Last Runtime    Last Run
----------------------------------------------------------------------------------------------  -----  ---------  --------  ----------  --------------  -------------------
/Users/kara/Desktop/solana-transfer-lake/airflow/airflow_home/dags/solana_transfer_lake_dag.py                           1           0  3.85s           2026-01-01T12:54:36
================================================================================
[2026-01-01T18:25:06.134+0530] {manager.py:878} INFO - 
================================================================================
DAG File Processing Stats

File Path                                                                                       PID    Runtime      # DAGs    # Errors  Last Runtime    Last Run
----------------------------------------------------------------------------------------------  -----  ---------  --------  ----------  --------------  -------------------
/Users/kara/Desktop/solana-transfer-lake/airflow/airflow_home/dags/solana_transfer_lake_dag.py                           0           1  2.77s           2026-01-01T12:55:01
================================================================================
[2026-01-01T18:25:21.178+0530] {manager.py:737} INFO - Searching for files in /Users/kara/Desktop/solana-transfer-lake/airflow/airflow_home/dags
[2026-01-01T18:25:21.182+0530] {manager.py:740} INFO - There are 1 files in /Users/kara/Desktop/solana-transfer-lake/airflow/airflow_home/dags
[2026-01-01T18:25:36.254+0530] {manager.py:878} INFO - 
================================================================================
DAG File Processing Stats

File Path                                                                                       PID    Runtime      # DAGs    # Errors  Last Runtime    Last Run
----------------------------------------------------------------------------------------------  -----  ---------  --------  ----------  --------------  -------------------
/Users/kara/Desktop/solana-transfer-lake/airflow/airflow_home/dags/solana_transfer_lake_dag.py                           0           1  3.24s           2026-01-01T12:55:30
================================================================================
[2026-01-01T18:26:08.460+0530] {manager.py:878} INFO - 
================================================================================
DAG File Processing Stats

File Path                                                                                       PID    Runtime      # DAGs    # Errors  Last Runtime    Last Run
----------------------------------------------------------------------------------------------  -----  ---------  --------  ----------  --------------  -------------------
/Users/kara/Desktop/solana-transfer-lake/airflow/airflow_home/dags/solana_transfer_lake_dag.py                           1           0  2.99s           2026-01-01T12:55:40
================================================================================
[2026-01-01T18:26:38.533+0530] {manager.py:878} INFO - 
================================================================================
DAG File Processing Stats

File Path                                                                                       PID    Runtime      # DAGs    # Errors  Last Runtime    Last Run
----------------------------------------------------------------------------------------------  -----  ---------  --------  ----------  --------------  -------------------
/Users/kara/Desktop/solana-transfer-lake/airflow/airflow_home/dags/solana_transfer_lake_dag.py                           1           0  2.77s           2026-01-01T12:56:14
================================================================================
[2026-01-01T18:27:06.794+0530] {manager.py:452} INFO - Exiting gracefully upon receiving signal 15
[2026-01-01T18:27:20.379+0530] {manager.py:470} INFO - Processing files using up to 1 processes at a time 
[2026-01-01T18:27:20.380+0530] {manager.py:471} INFO - Process each file at most once every 30 seconds
[2026-01-01T18:27:20.381+0530] {manager.py:472} INFO - Checking for new files in /Users/kara/Desktop/solana-transfer-lake/airflow/airflow_home/dags every 300 seconds
[2026-01-01T18:27:20.382+0530] {manager.py:737} INFO - Searching for files in /Users/kara/Desktop/solana-transfer-lake/airflow/airflow_home/dags
[2026-01-01T18:27:20.389+0530] {manager.py:740} INFO - There are 1 files in /Users/kara/Desktop/solana-transfer-lake/airflow/airflow_home/dags
[2026-01-01T18:27:23.192+0530] {manager.py:878} INFO - 
================================================================================
DAG File Processing Stats

File Path                                                                                       PID    Runtime      # DAGs    # Errors  Last Runtime    Last Run
----------------------------------------------------------------------------------------------  -----  ---------  --------  ----------  --------------  -------------------
/Users/kara/Desktop/solana-transfer-lake/airflow/airflow_home/dags/solana_transfer_lake_dag.py                           1           0  2.62s           2026-01-01T12:57:23
================================================================================
[2026-01-01T18:27:56.765+0530] {manager.py:878} INFO - 
================================================================================
DAG File Processing Stats

File Path                                                                                       PID    Runtime      # DAGs    # Errors  Last Runtime    Last Run
----------------------------------------------------------------------------------------------  -----  ---------  --------  ----------  --------------  -------------------
/Users/kara/Desktop/solana-transfer-lake/airflow/airflow_home/dags/solana_transfer_lake_dag.py                           1           0  3.54s           2026-01-01T12:57:56
================================================================================
[2026-01-01T18:28:32.364+0530] {manager.py:878} INFO - 
================================================================================
DAG File Processing Stats

File Path                                                                                       PID    Runtime      # DAGs    # Errors  Last Runtime    Last Run
----------------------------------------------------------------------------------------------  -----  ---------  --------  ----------  --------------  -------------------
/Users/kara/Desktop/solana-transfer-lake/airflow/airflow_home/dags/solana_transfer_lake_dag.py                           1           0  5.23s           2026-01-01T12:58:32
================================================================================
[2026-01-01T18:29:07.265+0530] {manager.py:878} INFO - 
================================================================================
DAG File Processing Stats

File Path                                                                                       PID    Runtime      # DAGs    # Errors  Last Runtime    Last Run
----------------------------------------------------------------------------------------------  -----  ---------  --------  ----------  --------------  -------------------
/Users/kara/Desktop/solana-transfer-lake/airflow/airflow_home/dags/solana_transfer_lake_dag.py                           1           0  4.74s           2026-01-01T12:59:07
================================================================================
[2026-01-01T18:29:28.162+0530] {manager.py:452} INFO - Exiting gracefully upon receiving signal 15
[2026-01-01T18:30:47.290+0530] {manager.py:470} INFO - Processing files using up to 1 processes at a time 
[2026-01-01T18:30:47.293+0530] {manager.py:471} INFO - Process each file at most once every 30 seconds
[2026-01-01T18:30:47.293+0530] {manager.py:472} INFO - Checking for new files in /Users/kara/Desktop/solana-transfer-lake/airflow/airflow_home/dags every 300 seconds
[2026-01-01T18:30:47.294+0530] {manager.py:737} INFO - Searching for files in /Users/kara/Desktop/solana-transfer-lake/airflow/airflow_home/dags
[2026-01-01T18:30:47.300+0530] {manager.py:740} INFO - There are 1 files in /Users/kara/Desktop/solana-transfer-lake/airflow/airflow_home/dags
[2026-01-01T18:30:51.026+0530] {manager.py:878} INFO - 
================================================================================
DAG File Processing Stats

File Path                                                                                       PID    Runtime      # DAGs    # Errors  Last Runtime    Last Run
----------------------------------------------------------------------------------------------  -----  ---------  --------  ----------  --------------  -------------------
/Users/kara/Desktop/solana-transfer-lake/airflow/airflow_home/dags/solana_transfer_lake_dag.py                           1           0  3.58s           2026-01-01T13:00:51
================================================================================
[2026-01-01T18:31:31.581+0530] {manager.py:878} INFO - 
================================================================================
DAG File Processing Stats

File Path                                                                                       PID    Runtime      # DAGs    # Errors  Last Runtime    Last Run
----------------------------------------------------------------------------------------------  -----  ---------  --------  ----------  --------------  -------------------
/Users/kara/Desktop/solana-transfer-lake/airflow/airflow_home/dags/solana_transfer_lake_dag.py                           1           0  5.61s           2026-01-01T13:01:31
================================================================================
[2026-01-01T18:32:05.999+0530] {manager.py:878} INFO - 
================================================================================
DAG File Processing Stats

File Path                                                                                       PID    Runtime      # DAGs    # Errors  Last Runtime    Last Run
----------------------------------------------------------------------------------------------  -----  ---------  --------  ----------  --------------  -------------------
/Users/kara/Desktop/solana-transfer-lake/airflow/airflow_home/dags/solana_transfer_lake_dag.py                           1           0  4.32s           2026-01-01T13:02:05
================================================================================
[2026-01-01T18:32:42.193+0530] {manager.py:878} INFO - 
================================================================================
DAG File Processing Stats

File Path                                                                                       PID    Runtime      # DAGs    # Errors  Last Runtime    Last Run
----------------------------------------------------------------------------------------------  -----  ---------  --------  ----------  --------------  -------------------
/Users/kara/Desktop/solana-transfer-lake/airflow/airflow_home/dags/solana_transfer_lake_dag.py                           1           0  5.81s           2026-01-01T13:02:42
================================================================================
[2026-01-01T18:33:17.244+0530] {manager.py:878} INFO - 
================================================================================
DAG File Processing Stats

File Path                                                                                       PID    Runtime      # DAGs    # Errors  Last Runtime    Last Run
----------------------------------------------------------------------------------------------  -----  ---------  --------  ----------  --------------  -------------------
/Users/kara/Desktop/solana-transfer-lake/airflow/airflow_home/dags/solana_transfer_lake_dag.py                           1           0  4.87s           2026-01-01T13:03:17
================================================================================
[2026-01-01T18:33:51.889+0530] {manager.py:878} INFO - 
================================================================================
DAG File Processing Stats

File Path                                                                                       PID    Runtime      # DAGs    # Errors  Last Runtime    Last Run
----------------------------------------------------------------------------------------------  -----  ---------  --------  ----------  --------------  -------------------
/Users/kara/Desktop/solana-transfer-lake/airflow/airflow_home/dags/solana_transfer_lake_dag.py                           1           0  4.53s           2026-01-01T13:03:51
================================================================================
[2026-01-01T18:34:26.162+0530] {manager.py:878} INFO - 
================================================================================
DAG File Processing Stats

File Path                                                                                       PID    Runtime      # DAGs    # Errors  Last Runtime    Last Run
----------------------------------------------------------------------------------------------  -----  ---------  --------  ----------  --------------  -------------------
/Users/kara/Desktop/solana-transfer-lake/airflow/airflow_home/dags/solana_transfer_lake_dag.py                           1           0  4.15s           2026-01-01T13:04:26
================================================================================
[2026-01-01T18:35:00.464+0530] {manager.py:878} INFO - 
================================================================================
DAG File Processing Stats

File Path                                                                                       PID    Runtime      # DAGs    # Errors  Last Runtime    Last Run
----------------------------------------------------------------------------------------------  -----  ---------  --------  ----------  --------------  -------------------
/Users/kara/Desktop/solana-transfer-lake/airflow/airflow_home/dags/solana_transfer_lake_dag.py                           1           0  4.18s           2026-01-01T13:05:00
================================================================================
[2026-01-01T18:35:35.508+0530] {manager.py:878} INFO - 
================================================================================
DAG File Processing Stats

File Path                                                                                       PID    Runtime      # DAGs    # Errors  Last Runtime    Last Run
----------------------------------------------------------------------------------------------  -----  ---------  --------  ----------  --------------  -------------------
/Users/kara/Desktop/solana-transfer-lake/airflow/airflow_home/dags/solana_transfer_lake_dag.py                           1           0  4.92s           2026-01-01T13:05:35
================================================================================
[2026-01-01T18:35:47.879+0530] {manager.py:737} INFO - Searching for files in /Users/kara/Desktop/solana-transfer-lake/airflow/airflow_home/dags
[2026-01-01T18:35:47.890+0530] {manager.py:740} INFO - There are 1 files in /Users/kara/Desktop/solana-transfer-lake/airflow/airflow_home/dags
[2026-01-01T18:36:10.569+0530] {manager.py:878} INFO - 
================================================================================
DAG File Processing Stats

File Path                                                                                       PID    Runtime      # DAGs    # Errors  Last Runtime    Last Run
----------------------------------------------------------------------------------------------  -----  ---------  --------  ----------  --------------  -------------------
/Users/kara/Desktop/solana-transfer-lake/airflow/airflow_home/dags/solana_transfer_lake_dag.py                           1           0  4.93s           2026-01-01T13:06:10
================================================================================
[2026-01-01T18:36:44.711+0530] {manager.py:878} INFO - 
================================================================================
DAG File Processing Stats

File Path                                                                                       PID    Runtime      # DAGs    # Errors  Last Runtime    Last Run
----------------------------------------------------------------------------------------------  -----  ---------  --------  ----------  --------------  -------------------
/Users/kara/Desktop/solana-transfer-lake/airflow/airflow_home/dags/solana_transfer_lake_dag.py                           1           0  6.66s           2026-01-01T13:06:44
================================================================================
[2026-01-01T18:36:51.094+0530] {manager.py:452} INFO - Exiting gracefully upon receiving signal 15
[2026-01-01T18:37:16.645+0530] {manager.py:470} INFO - Processing files using up to 1 processes at a time 
[2026-01-01T18:37:16.647+0530] {manager.py:471} INFO - Process each file at most once every 30 seconds
[2026-01-01T18:37:16.647+0530] {manager.py:472} INFO - Checking for new files in /Users/kara/Desktop/solana-transfer-lake/airflow/airflow_home/dags every 300 seconds
[2026-01-01T18:37:16.654+0530] {manager.py:737} INFO - Searching for files in /Users/kara/Desktop/solana-transfer-lake/airflow/airflow_home/dags
[2026-01-01T18:37:16.664+0530] {manager.py:740} INFO - There are 1 files in /Users/kara/Desktop/solana-transfer-lake/airflow/airflow_home/dags
[2026-01-01T18:37:20.080+0530] {manager.py:878} INFO - 
================================================================================
DAG File Processing Stats

File Path                                                                                       PID    Runtime      # DAGs    # Errors  Last Runtime    Last Run
----------------------------------------------------------------------------------------------  -----  ---------  --------  ----------  --------------  -------------------
/Users/kara/Desktop/solana-transfer-lake/airflow/airflow_home/dags/solana_transfer_lake_dag.py                           1           0  3.19s           2026-01-01T13:07:20
================================================================================
[2026-01-01T18:37:53.476+0530] {manager.py:878} INFO - 
================================================================================
DAG File Processing Stats

File Path                                                                                       PID    Runtime      # DAGs    # Errors  Last Runtime    Last Run
----------------------------------------------------------------------------------------------  -----  ---------  --------  ----------  --------------  -------------------
/Users/kara/Desktop/solana-transfer-lake/airflow/airflow_home/dags/solana_transfer_lake_dag.py                           1           0  3.28s           2026-01-01T13:07:53
================================================================================
[2026-01-01T18:38:28.348+0530] {manager.py:878} INFO - 
================================================================================
DAG File Processing Stats

File Path                                                                                       PID    Runtime      # DAGs    # Errors  Last Runtime    Last Run
----------------------------------------------------------------------------------------------  -----  ---------  --------  ----------  --------------  -------------------
/Users/kara/Desktop/solana-transfer-lake/airflow/airflow_home/dags/solana_transfer_lake_dag.py                           1           0  4.58s           2026-01-01T13:08:28
================================================================================
[2026-01-01T18:39:03.765+0530] {manager.py:878} INFO - 
================================================================================
DAG File Processing Stats

File Path                                                                                       PID    Runtime      # DAGs    # Errors  Last Runtime    Last Run
----------------------------------------------------------------------------------------------  -----  ---------  --------  ----------  --------------  -------------------
/Users/kara/Desktop/solana-transfer-lake/airflow/airflow_home/dags/solana_transfer_lake_dag.py                           1           0  5.16s           2026-01-01T13:09:03
================================================================================
[2026-01-01T18:39:38.405+0530] {manager.py:878} INFO - 
================================================================================
DAG File Processing Stats

File Path                                                                                       PID    Runtime      # DAGs    # Errors  Last Runtime    Last Run
----------------------------------------------------------------------------------------------  -----  ---------  --------  ----------  --------------  -------------------
/Users/kara/Desktop/solana-transfer-lake/airflow/airflow_home/dags/solana_transfer_lake_dag.py                           1           0  4.49s           2026-01-01T13:09:38
================================================================================
[2026-01-01T18:40:10.840+0530] {manager.py:878} INFO - 
================================================================================
DAG File Processing Stats

File Path                                                                                       PID    Runtime      # DAGs    # Errors  Last Runtime    Last Run
----------------------------------------------------------------------------------------------  -----  ---------  --------  ----------  --------------  -------------------
/Users/kara/Desktop/solana-transfer-lake/airflow/airflow_home/dags/solana_transfer_lake_dag.py                           1           0  2.28s           2026-01-01T13:10:10
================================================================================
[2026-01-01T18:40:44.727+0530] {manager.py:878} INFO - 
================================================================================
DAG File Processing Stats

File Path                                                                                       PID    Runtime      # DAGs    # Errors  Last Runtime    Last Run
----------------------------------------------------------------------------------------------  -----  ---------  --------  ----------  --------------  -------------------
/Users/kara/Desktop/solana-transfer-lake/airflow/airflow_home/dags/solana_transfer_lake_dag.py                           1           0  3.76s           2026-01-01T13:10:44
================================================================================
[2026-01-01T18:41:17.304+0530] {manager.py:878} INFO - 
================================================================================
DAG File Processing Stats

File Path                                                                                       PID    Runtime      # DAGs    # Errors  Last Runtime    Last Run
----------------------------------------------------------------------------------------------  -----  ---------  --------  ----------  --------------  -------------------
/Users/kara/Desktop/solana-transfer-lake/airflow/airflow_home/dags/solana_transfer_lake_dag.py                           1           0  2.46s           2026-01-01T13:11:17
================================================================================
[2026-01-01T18:41:51.160+0530] {manager.py:878} INFO - 
================================================================================
DAG File Processing Stats

File Path                                                                                       PID    Runtime      # DAGs    # Errors  Last Runtime    Last Run
----------------------------------------------------------------------------------------------  -----  ---------  --------  ----------  --------------  -------------------
/Users/kara/Desktop/solana-transfer-lake/airflow/airflow_home/dags/solana_transfer_lake_dag.py                           1           0  3.76s           2026-01-01T13:11:51
================================================================================
[2026-01-01T18:42:17.476+0530] {manager.py:737} INFO - Searching for files in /Users/kara/Desktop/solana-transfer-lake/airflow/airflow_home/dags
[2026-01-01T18:42:17.481+0530] {manager.py:740} INFO - There are 1 files in /Users/kara/Desktop/solana-transfer-lake/airflow/airflow_home/dags
[2026-01-01T18:42:24.912+0530] {manager.py:878} INFO - 
================================================================================
DAG File Processing Stats

File Path                                                                                       PID    Runtime      # DAGs    # Errors  Last Runtime    Last Run
----------------------------------------------------------------------------------------------  -----  ---------  --------  ----------  --------------  -------------------
/Users/kara/Desktop/solana-transfer-lake/airflow/airflow_home/dags/solana_transfer_lake_dag.py                           1           0  3.63s           2026-01-01T13:12:24
================================================================================
[2026-01-01T18:42:59.514+0530] {manager.py:878} INFO - 
================================================================================
DAG File Processing Stats

File Path                                                                                       PID    Runtime      # DAGs    # Errors  Last Runtime    Last Run
----------------------------------------------------------------------------------------------  -----  ---------  --------  ----------  --------------  -------------------
/Users/kara/Desktop/solana-transfer-lake/airflow/airflow_home/dags/solana_transfer_lake_dag.py                           1           0  4.51s           2026-01-01T13:12:59
================================================================================
[2026-01-01T18:43:34.766+0530] {manager.py:878} INFO - 
================================================================================
DAG File Processing Stats

File Path                                                                                       PID    Runtime      # DAGs    # Errors  Last Runtime    Last Run
----------------------------------------------------------------------------------------------  -----  ---------  --------  ----------  --------------  -------------------
/Users/kara/Desktop/solana-transfer-lake/airflow/airflow_home/dags/solana_transfer_lake_dag.py                           1           0  5.14s           2026-01-01T13:13:34
================================================================================
[2026-01-01T18:44:10.096+0530] {manager.py:878} INFO - 
================================================================================
DAG File Processing Stats

File Path                                                                                       PID    Runtime      # DAGs    # Errors  Last Runtime    Last Run
----------------------------------------------------------------------------------------------  -----  ---------  --------  ----------  --------------  -------------------
/Users/kara/Desktop/solana-transfer-lake/airflow/airflow_home/dags/solana_transfer_lake_dag.py                           1           0  5.20s           2026-01-01T13:14:10
================================================================================
[2026-01-01T18:44:45.129+0530] {manager.py:878} INFO - 
================================================================================
DAG File Processing Stats

File Path                                                                                       PID    Runtime      # DAGs    # Errors  Last Runtime    Last Run
----------------------------------------------------------------------------------------------  -----  ---------  --------  ----------  --------------  -------------------
/Users/kara/Desktop/solana-transfer-lake/airflow/airflow_home/dags/solana_transfer_lake_dag.py                           1           0  4.89s           2026-01-01T13:14:45
================================================================================
[2026-01-01T18:45:20.478+0530] {manager.py:878} INFO - 
================================================================================
DAG File Processing Stats

File Path                                                                                       PID    Runtime      # DAGs    # Errors  Last Runtime    Last Run
----------------------------------------------------------------------------------------------  -----  ---------  --------  ----------  --------------  -------------------
/Users/kara/Desktop/solana-transfer-lake/airflow/airflow_home/dags/solana_transfer_lake_dag.py                           1           0  5.21s           2026-01-01T13:15:20
================================================================================
[2026-01-01T18:45:55.652+0530] {manager.py:878} INFO - 
================================================================================
DAG File Processing Stats

File Path                                                                                       PID    Runtime      # DAGs    # Errors  Last Runtime    Last Run
----------------------------------------------------------------------------------------------  -----  ---------  --------  ----------  --------------  -------------------
/Users/kara/Desktop/solana-transfer-lake/airflow/airflow_home/dags/solana_transfer_lake_dag.py                           1           0  5.02s           2026-01-01T13:15:55
================================================================================
[2026-01-01T18:46:30.214+0530] {manager.py:878} INFO - 
================================================================================
DAG File Processing Stats

File Path                                                                                       PID    Runtime      # DAGs    # Errors  Last Runtime    Last Run
----------------------------------------------------------------------------------------------  -----  ---------  --------  ----------  --------------  -------------------
/Users/kara/Desktop/solana-transfer-lake/airflow/airflow_home/dags/solana_transfer_lake_dag.py                           1           0  4.45s           2026-01-01T13:16:30
================================================================================
[2026-01-01T18:46:37.344+0530] {manager.py:452} INFO - Exiting gracefully upon receiving signal 15
[2026-01-01T18:46:49.539+0530] {manager.py:470} INFO - Processing files using up to 1 processes at a time 
[2026-01-01T18:46:49.539+0530] {manager.py:471} INFO - Process each file at most once every 30 seconds
[2026-01-01T18:46:49.540+0530] {manager.py:472} INFO - Checking for new files in /Users/kara/Desktop/solana-transfer-lake/airflow/airflow_home/dags every 300 seconds
[2026-01-01T18:46:49.540+0530] {manager.py:737} INFO - Searching for files in /Users/kara/Desktop/solana-transfer-lake/airflow/airflow_home/dags
[2026-01-01T18:46:49.542+0530] {manager.py:740} INFO - There are 1 files in /Users/kara/Desktop/solana-transfer-lake/airflow/airflow_home/dags
[2026-01-01T18:46:52.442+0530] {manager.py:878} INFO - 
================================================================================
DAG File Processing Stats

File Path                                                                                       PID    Runtime      # DAGs    # Errors  Last Runtime    Last Run
----------------------------------------------------------------------------------------------  -----  ---------  --------  ----------  --------------  -------------------
/Users/kara/Desktop/solana-transfer-lake/airflow/airflow_home/dags/solana_transfer_lake_dag.py                           1           0  2.69s           2026-01-01T13:16:52
================================================================================
[2026-01-01T18:47:34.662+0530] {manager.py:878} INFO - 
================================================================================
DAG File Processing Stats

File Path                                                                                       PID    Runtime      # DAGs    # Errors  Last Runtime    Last Run
----------------------------------------------------------------------------------------------  -----  ---------  --------  ----------  --------------  -------------------
/Users/kara/Desktop/solana-transfer-lake/airflow/airflow_home/dags/solana_transfer_lake_dag.py                           1           0  4.99s           2026-01-01T13:17:34
================================================================================
[2026-01-01T18:48:16.268+0530] {manager.py:878} INFO - 
================================================================================
DAG File Processing Stats

File Path                                                                                       PID    Runtime      # DAGs    # Errors  Last Runtime    Last Run
----------------------------------------------------------------------------------------------  -----  ---------  --------  ----------  --------------  -------------------
/Users/kara/Desktop/solana-transfer-lake/airflow/airflow_home/dags/solana_transfer_lake_dag.py                           1           0  5.04s           2026-01-01T13:18:16
================================================================================
[2026-01-01T18:48:55.214+0530] {manager.py:878} INFO - 
================================================================================
DAG File Processing Stats

File Path                                                                                       PID    Runtime      # DAGs    # Errors  Last Runtime    Last Run
----------------------------------------------------------------------------------------------  -----  ---------  --------  ----------  --------------  -------------------
/Users/kara/Desktop/solana-transfer-lake/airflow/airflow_home/dags/solana_transfer_lake_dag.py                           1           0  5.12s           2026-01-01T13:18:55
================================================================================
[2026-01-01T18:49:31.039+0530] {manager.py:878} INFO - 
================================================================================
DAG File Processing Stats

File Path                                                                                       PID    Runtime      # DAGs    # Errors  Last Runtime    Last Run
----------------------------------------------------------------------------------------------  -----  ---------  --------  ----------  --------------  -------------------
/Users/kara/Desktop/solana-transfer-lake/airflow/airflow_home/dags/solana_transfer_lake_dag.py                           1           0  5.40s           2026-01-01T13:19:31
================================================================================
[2026-01-01T18:50:20.433+0530] {manager.py:878} INFO - 
================================================================================
DAG File Processing Stats

File Path                                                                                       PID    Runtime      # DAGs    # Errors  Last Runtime    Last Run
----------------------------------------------------------------------------------------------  -----  ---------  --------  ----------  --------------  -------------------
/Users/kara/Desktop/solana-transfer-lake/airflow/airflow_home/dags/solana_transfer_lake_dag.py                           1           0  5.07s           2026-01-01T13:20:20
================================================================================
[2026-01-01T18:50:55.724+0530] {manager.py:878} INFO - 
================================================================================
DAG File Processing Stats

File Path                                                                                       PID    Runtime      # DAGs    # Errors  Last Runtime    Last Run
----------------------------------------------------------------------------------------------  -----  ---------  --------  ----------  --------------  -------------------
/Users/kara/Desktop/solana-transfer-lake/airflow/airflow_home/dags/solana_transfer_lake_dag.py                           1           0  4.63s           2026-01-01T13:20:55
================================================================================
[2026-01-01T18:51:30.688+0530] {manager.py:878} INFO - 
================================================================================
DAG File Processing Stats

File Path                                                                                       PID    Runtime      # DAGs    # Errors  Last Runtime    Last Run
----------------------------------------------------------------------------------------------  -----  ---------  --------  ----------  --------------  -------------------
/Users/kara/Desktop/solana-transfer-lake/airflow/airflow_home/dags/solana_transfer_lake_dag.py                           1           0  4.62s           2026-01-01T13:21:30
================================================================================
[2026-01-01T18:51:49.642+0530] {manager.py:737} INFO - Searching for files in /Users/kara/Desktop/solana-transfer-lake/airflow/airflow_home/dags
[2026-01-01T18:51:49.646+0530] {manager.py:740} INFO - There are 1 files in /Users/kara/Desktop/solana-transfer-lake/airflow/airflow_home/dags
[2026-01-01T18:52:03.999+0530] {manager.py:878} INFO - 
================================================================================
DAG File Processing Stats

File Path                                                                                       PID    Runtime      # DAGs    # Errors  Last Runtime    Last Run
----------------------------------------------------------------------------------------------  -----  ---------  --------  ----------  --------------  -------------------
/Users/kara/Desktop/solana-transfer-lake/airflow/airflow_home/dags/solana_transfer_lake_dag.py                           1           0  3.15s           2026-01-01T13:22:03
================================================================================
[2026-01-01T18:52:38.353+0530] {manager.py:878} INFO - 
================================================================================
DAG File Processing Stats

File Path                                                                                       PID    Runtime      # DAGs    # Errors  Last Runtime    Last Run
----------------------------------------------------------------------------------------------  -----  ---------  --------  ----------  --------------  -------------------
/Users/kara/Desktop/solana-transfer-lake/airflow/airflow_home/dags/solana_transfer_lake_dag.py                           1           0  4.24s           2026-01-01T13:22:38
================================================================================
[2026-01-01T18:53:11.973+0530] {manager.py:878} INFO - 
================================================================================
DAG File Processing Stats

File Path                                                                                       PID    Runtime      # DAGs    # Errors  Last Runtime    Last Run
----------------------------------------------------------------------------------------------  -----  ---------  --------  ----------  --------------  -------------------
/Users/kara/Desktop/solana-transfer-lake/airflow/airflow_home/dags/solana_transfer_lake_dag.py                           1           0  3.50s           2026-01-01T13:23:11
================================================================================
[2026-01-01T18:53:47.634+0530] {manager.py:878} INFO - 
================================================================================
DAG File Processing Stats

File Path                                                                                       PID    Runtime      # DAGs    # Errors  Last Runtime    Last Run
----------------------------------------------------------------------------------------------  -----  ---------  --------  ----------  --------------  -------------------
/Users/kara/Desktop/solana-transfer-lake/airflow/airflow_home/dags/solana_transfer_lake_dag.py                           1           0  5.55s           2026-01-01T13:23:47
================================================================================
[2026-01-01T18:54:20.763+0530] {manager.py:878} INFO - 
================================================================================
DAG File Processing Stats

File Path                                                                                       PID    Runtime      # DAGs    # Errors  Last Runtime    Last Run
----------------------------------------------------------------------------------------------  -----  ---------  --------  ----------  --------------  -------------------
/Users/kara/Desktop/solana-transfer-lake/airflow/airflow_home/dags/solana_transfer_lake_dag.py                           1           0  3.00s           2026-01-01T13:24:20
================================================================================
