[2026-01-01T18:13:33.649+0530] {processor.py:161} INFO - Started process (PID=33676) to work on /Users/kara/Desktop/solana-transfer-lake/airflow/airflow_home/dags/solana_transfer_lake_dag.py
[2026-01-01T18:13:33.650+0530] {processor.py:830} INFO - Processing file /Users/kara/Desktop/solana-transfer-lake/airflow/airflow_home/dags/solana_transfer_lake_dag.py for tasks to queue
[2026-01-01T18:13:33.651+0530] {logging_mixin.py:188} INFO - [2026-01-01T18:13:33.651+0530] {dagbag.py:545} INFO - Filling up the DagBag from /Users/kara/Desktop/solana-transfer-lake/airflow/airflow_home/dags/solana_transfer_lake_dag.py
[2026-01-01T18:13:33.678+0530] {processor.py:840} INFO - DAG(s) 'solana_transfer_lake' retrieved from /Users/kara/Desktop/solana-transfer-lake/airflow/airflow_home/dags/solana_transfer_lake_dag.py
[2026-01-01T18:13:34.146+0530] {logging_mixin.py:188} INFO - [2026-01-01T18:13:34.145+0530] {override.py:1858} INFO - Created Permission View: can delete on DAG:solana_transfer_lake
[2026-01-01T18:13:34.158+0530] {logging_mixin.py:188} INFO - [2026-01-01T18:13:34.157+0530] {override.py:1858} INFO - Created Permission View: can edit on DAG:solana_transfer_lake
[2026-01-01T18:13:34.170+0530] {logging_mixin.py:188} INFO - [2026-01-01T18:13:34.170+0530] {override.py:1858} INFO - Created Permission View: can read on DAG:solana_transfer_lake
[2026-01-01T18:13:34.171+0530] {logging_mixin.py:188} INFO - [2026-01-01T18:13:34.171+0530] {dag.py:3089} INFO - Sync 1 DAGs
[2026-01-01T18:13:34.183+0530] {logging_mixin.py:188} INFO - [2026-01-01T18:13:34.183+0530] {dag.py:3111} INFO - Creating ORM DAG for solana_transfer_lake
[2026-01-01T18:13:34.193+0530] {logging_mixin.py:188} INFO - [2026-01-01T18:13:34.193+0530] {dag.py:3947} INFO - Setting next_dagrun for solana_transfer_lake to 2026-01-01 00:00:00+00:00, run_after=2026-01-02 00:00:00+00:00
[2026-01-01T18:13:34.219+0530] {processor.py:183} INFO - Processing /Users/kara/Desktop/solana-transfer-lake/airflow/airflow_home/dags/solana_transfer_lake_dag.py took 0.572 seconds
[2026-01-01T18:14:09.698+0530] {processor.py:161} INFO - Started process (PID=34139) to work on /Users/kara/Desktop/solana-transfer-lake/airflow/airflow_home/dags/solana_transfer_lake_dag.py
[2026-01-01T18:14:09.701+0530] {processor.py:830} INFO - Processing file /Users/kara/Desktop/solana-transfer-lake/airflow/airflow_home/dags/solana_transfer_lake_dag.py for tasks to queue
[2026-01-01T18:14:09.702+0530] {logging_mixin.py:188} INFO - [2026-01-01T18:14:09.702+0530] {dagbag.py:545} INFO - Filling up the DagBag from /Users/kara/Desktop/solana-transfer-lake/airflow/airflow_home/dags/solana_transfer_lake_dag.py
[2026-01-01T18:14:09.739+0530] {processor.py:840} INFO - DAG(s) 'solana_transfer_lake' retrieved from /Users/kara/Desktop/solana-transfer-lake/airflow/airflow_home/dags/solana_transfer_lake_dag.py
[2026-01-01T18:14:09.957+0530] {logging_mixin.py:188} INFO - [2026-01-01T18:14:09.957+0530] {dag.py:3089} INFO - Sync 1 DAGs
[2026-01-01T18:14:09.980+0530] {logging_mixin.py:188} INFO - [2026-01-01T18:14:09.980+0530] {dag.py:3947} INFO - Setting next_dagrun for solana_transfer_lake to 2026-01-01 00:00:00+00:00, run_after=2026-01-02 00:00:00+00:00
[2026-01-01T18:14:10.006+0530] {processor.py:183} INFO - Processing /Users/kara/Desktop/solana-transfer-lake/airflow/airflow_home/dags/solana_transfer_lake_dag.py took 0.313 seconds
[2026-01-01T18:14:46.127+0530] {processor.py:161} INFO - Started process (PID=34314) to work on /Users/kara/Desktop/solana-transfer-lake/airflow/airflow_home/dags/solana_transfer_lake_dag.py
[2026-01-01T18:14:46.131+0530] {processor.py:830} INFO - Processing file /Users/kara/Desktop/solana-transfer-lake/airflow/airflow_home/dags/solana_transfer_lake_dag.py for tasks to queue
[2026-01-01T18:14:46.132+0530] {logging_mixin.py:188} INFO - [2026-01-01T18:14:46.132+0530] {dagbag.py:545} INFO - Filling up the DagBag from /Users/kara/Desktop/solana-transfer-lake/airflow/airflow_home/dags/solana_transfer_lake_dag.py
[2026-01-01T18:14:46.163+0530] {processor.py:840} INFO - DAG(s) 'solana_transfer_lake' retrieved from /Users/kara/Desktop/solana-transfer-lake/airflow/airflow_home/dags/solana_transfer_lake_dag.py
[2026-01-01T18:14:46.359+0530] {logging_mixin.py:188} INFO - [2026-01-01T18:14:46.359+0530] {dag.py:3089} INFO - Sync 1 DAGs
[2026-01-01T18:14:46.389+0530] {logging_mixin.py:188} INFO - [2026-01-01T18:14:46.389+0530] {dag.py:3947} INFO - Setting next_dagrun for solana_transfer_lake to 2026-01-01 00:00:00+00:00, run_after=2026-01-02 00:00:00+00:00
[2026-01-01T18:14:46.547+0530] {processor.py:183} INFO - Processing /Users/kara/Desktop/solana-transfer-lake/airflow/airflow_home/dags/solana_transfer_lake_dag.py took 0.426 seconds
[2026-01-01T18:15:21.813+0530] {processor.py:161} INFO - Started process (PID=34333) to work on /Users/kara/Desktop/solana-transfer-lake/airflow/airflow_home/dags/solana_transfer_lake_dag.py
[2026-01-01T18:15:21.816+0530] {processor.py:830} INFO - Processing file /Users/kara/Desktop/solana-transfer-lake/airflow/airflow_home/dags/solana_transfer_lake_dag.py for tasks to queue
[2026-01-01T18:15:21.817+0530] {logging_mixin.py:188} INFO - [2026-01-01T18:15:21.817+0530] {dagbag.py:545} INFO - Filling up the DagBag from /Users/kara/Desktop/solana-transfer-lake/airflow/airflow_home/dags/solana_transfer_lake_dag.py
[2026-01-01T18:15:21.846+0530] {processor.py:840} INFO - DAG(s) 'solana_transfer_lake' retrieved from /Users/kara/Desktop/solana-transfer-lake/airflow/airflow_home/dags/solana_transfer_lake_dag.py
[2026-01-01T18:15:22.030+0530] {logging_mixin.py:188} INFO - [2026-01-01T18:15:22.030+0530] {dag.py:3089} INFO - Sync 1 DAGs
[2026-01-01T18:15:22.052+0530] {logging_mixin.py:188} INFO - [2026-01-01T18:15:22.052+0530] {dag.py:3947} INFO - Setting next_dagrun for solana_transfer_lake to 2026-01-01 00:00:00+00:00, run_after=2026-01-02 00:00:00+00:00
[2026-01-01T18:15:22.076+0530] {processor.py:183} INFO - Processing /Users/kara/Desktop/solana-transfer-lake/airflow/airflow_home/dags/solana_transfer_lake_dag.py took 0.267 seconds
[2026-01-01T18:15:57.160+0530] {processor.py:161} INFO - Started process (PID=34351) to work on /Users/kara/Desktop/solana-transfer-lake/airflow/airflow_home/dags/solana_transfer_lake_dag.py
[2026-01-01T18:15:57.163+0530] {processor.py:830} INFO - Processing file /Users/kara/Desktop/solana-transfer-lake/airflow/airflow_home/dags/solana_transfer_lake_dag.py for tasks to queue
[2026-01-01T18:15:57.163+0530] {logging_mixin.py:188} INFO - [2026-01-01T18:15:57.163+0530] {dagbag.py:545} INFO - Filling up the DagBag from /Users/kara/Desktop/solana-transfer-lake/airflow/airflow_home/dags/solana_transfer_lake_dag.py
[2026-01-01T18:15:57.193+0530] {processor.py:840} INFO - DAG(s) 'solana_transfer_lake' retrieved from /Users/kara/Desktop/solana-transfer-lake/airflow/airflow_home/dags/solana_transfer_lake_dag.py
[2026-01-01T18:15:57.425+0530] {logging_mixin.py:188} INFO - [2026-01-01T18:15:57.424+0530] {dag.py:3089} INFO - Sync 1 DAGs
[2026-01-01T18:15:57.447+0530] {logging_mixin.py:188} INFO - [2026-01-01T18:15:57.447+0530] {dag.py:3947} INFO - Setting next_dagrun for solana_transfer_lake to 2026-01-01 00:00:00+00:00, run_after=2026-01-02 00:00:00+00:00
[2026-01-01T18:15:57.472+0530] {processor.py:183} INFO - Processing /Users/kara/Desktop/solana-transfer-lake/airflow/airflow_home/dags/solana_transfer_lake_dag.py took 0.315 seconds
[2026-01-01T18:16:31.834+0530] {processor.py:161} INFO - Started process (PID=34368) to work on /Users/kara/Desktop/solana-transfer-lake/airflow/airflow_home/dags/solana_transfer_lake_dag.py
[2026-01-01T18:16:31.838+0530] {processor.py:830} INFO - Processing file /Users/kara/Desktop/solana-transfer-lake/airflow/airflow_home/dags/solana_transfer_lake_dag.py for tasks to queue
[2026-01-01T18:16:31.839+0530] {logging_mixin.py:188} INFO - [2026-01-01T18:16:31.838+0530] {dagbag.py:545} INFO - Filling up the DagBag from /Users/kara/Desktop/solana-transfer-lake/airflow/airflow_home/dags/solana_transfer_lake_dag.py
[2026-01-01T18:16:31.871+0530] {processor.py:840} INFO - DAG(s) 'solana_transfer_lake' retrieved from /Users/kara/Desktop/solana-transfer-lake/airflow/airflow_home/dags/solana_transfer_lake_dag.py
[2026-01-01T18:16:32.050+0530] {logging_mixin.py:188} INFO - [2026-01-01T18:16:32.050+0530] {dag.py:3089} INFO - Sync 1 DAGs
[2026-01-01T18:16:32.071+0530] {logging_mixin.py:188} INFO - [2026-01-01T18:16:32.070+0530] {dag.py:3947} INFO - Setting next_dagrun for solana_transfer_lake to 2026-01-01 00:00:00+00:00, run_after=2026-01-02 00:00:00+00:00
[2026-01-01T18:16:32.096+0530] {processor.py:183} INFO - Processing /Users/kara/Desktop/solana-transfer-lake/airflow/airflow_home/dags/solana_transfer_lake_dag.py took 0.265 seconds
[2026-01-01T18:17:09.806+0530] {processor.py:161} INFO - Started process (PID=34383) to work on /Users/kara/Desktop/solana-transfer-lake/airflow/airflow_home/dags/solana_transfer_lake_dag.py
[2026-01-01T18:17:09.810+0530] {processor.py:830} INFO - Processing file /Users/kara/Desktop/solana-transfer-lake/airflow/airflow_home/dags/solana_transfer_lake_dag.py for tasks to queue
[2026-01-01T18:17:09.811+0530] {logging_mixin.py:188} INFO - [2026-01-01T18:17:09.810+0530] {dagbag.py:545} INFO - Filling up the DagBag from /Users/kara/Desktop/solana-transfer-lake/airflow/airflow_home/dags/solana_transfer_lake_dag.py
[2026-01-01T18:17:09.838+0530] {processor.py:840} INFO - DAG(s) 'solana_transfer_lake' retrieved from /Users/kara/Desktop/solana-transfer-lake/airflow/airflow_home/dags/solana_transfer_lake_dag.py
[2026-01-01T18:17:10.057+0530] {logging_mixin.py:188} INFO - [2026-01-01T18:17:10.057+0530] {dag.py:3089} INFO - Sync 1 DAGs
[2026-01-01T18:17:10.089+0530] {logging_mixin.py:188} INFO - [2026-01-01T18:17:10.088+0530] {dag.py:3947} INFO - Setting next_dagrun for solana_transfer_lake to 2026-01-01 00:00:00+00:00, run_after=2026-01-02 00:00:00+00:00
[2026-01-01T18:17:10.115+0530] {processor.py:183} INFO - Processing /Users/kara/Desktop/solana-transfer-lake/airflow/airflow_home/dags/solana_transfer_lake_dag.py took 0.313 seconds
[2026-01-01T18:20:23.115+0530] {processor.py:161} INFO - Started process (PID=35770) to work on /Users/kara/Desktop/solana-transfer-lake/airflow/airflow_home/dags/solana_transfer_lake_dag.py
[2026-01-01T18:20:23.118+0530] {processor.py:830} INFO - Processing file /Users/kara/Desktop/solana-transfer-lake/airflow/airflow_home/dags/solana_transfer_lake_dag.py for tasks to queue
[2026-01-01T18:20:23.119+0530] {logging_mixin.py:188} INFO - [2026-01-01T18:20:23.119+0530] {dagbag.py:545} INFO - Filling up the DagBag from /Users/kara/Desktop/solana-transfer-lake/airflow/airflow_home/dags/solana_transfer_lake_dag.py
[2026-01-01T18:20:23.159+0530] {processor.py:840} INFO - DAG(s) 'solana_transfer_lake' retrieved from /Users/kara/Desktop/solana-transfer-lake/airflow/airflow_home/dags/solana_transfer_lake_dag.py
[2026-01-01T18:20:24.910+0530] {logging_mixin.py:188} INFO - [2026-01-01T18:20:24.910+0530] {dag.py:3089} INFO - Sync 1 DAGs
[2026-01-01T18:20:24.969+0530] {logging_mixin.py:188} INFO - [2026-01-01T18:20:24.968+0530] {dag.py:3947} INFO - Setting next_dagrun for solana_transfer_lake to 2026-01-01 00:00:00+00:00, run_after=2026-01-02 00:00:00+00:00
[2026-01-01T18:20:25.047+0530] {processor.py:183} INFO - Processing /Users/kara/Desktop/solana-transfer-lake/airflow/airflow_home/dags/solana_transfer_lake_dag.py took 1.943 seconds
[2026-01-01T18:21:01.053+0530] {processor.py:161} INFO - Started process (PID=35811) to work on /Users/kara/Desktop/solana-transfer-lake/airflow/airflow_home/dags/solana_transfer_lake_dag.py
[2026-01-01T18:21:01.056+0530] {processor.py:830} INFO - Processing file /Users/kara/Desktop/solana-transfer-lake/airflow/airflow_home/dags/solana_transfer_lake_dag.py for tasks to queue
[2026-01-01T18:21:01.057+0530] {logging_mixin.py:188} INFO - [2026-01-01T18:21:01.057+0530] {dagbag.py:545} INFO - Filling up the DagBag from /Users/kara/Desktop/solana-transfer-lake/airflow/airflow_home/dags/solana_transfer_lake_dag.py
[2026-01-01T18:21:01.084+0530] {processor.py:840} INFO - DAG(s) 'solana_transfer_lake' retrieved from /Users/kara/Desktop/solana-transfer-lake/airflow/airflow_home/dags/solana_transfer_lake_dag.py
[2026-01-01T18:21:01.330+0530] {logging_mixin.py:188} INFO - [2026-01-01T18:21:01.330+0530] {dag.py:3089} INFO - Sync 1 DAGs
[2026-01-01T18:21:01.355+0530] {logging_mixin.py:188} INFO - [2026-01-01T18:21:01.355+0530] {dag.py:3947} INFO - Setting next_dagrun for solana_transfer_lake to 2026-01-01 00:00:00+00:00, run_after=2026-01-02 00:00:00+00:00
[2026-01-01T18:21:01.382+0530] {processor.py:183} INFO - Processing /Users/kara/Desktop/solana-transfer-lake/airflow/airflow_home/dags/solana_transfer_lake_dag.py took 0.332 seconds
[2026-01-01T18:21:35.875+0530] {processor.py:161} INFO - Started process (PID=35851) to work on /Users/kara/Desktop/solana-transfer-lake/airflow/airflow_home/dags/solana_transfer_lake_dag.py
[2026-01-01T18:21:35.892+0530] {processor.py:830} INFO - Processing file /Users/kara/Desktop/solana-transfer-lake/airflow/airflow_home/dags/solana_transfer_lake_dag.py for tasks to queue
[2026-01-01T18:21:35.894+0530] {logging_mixin.py:188} INFO - [2026-01-01T18:21:35.894+0530] {dagbag.py:545} INFO - Filling up the DagBag from /Users/kara/Desktop/solana-transfer-lake/airflow/airflow_home/dags/solana_transfer_lake_dag.py
[2026-01-01T18:21:35.939+0530] {processor.py:840} INFO - DAG(s) 'solana_transfer_lake' retrieved from /Users/kara/Desktop/solana-transfer-lake/airflow/airflow_home/dags/solana_transfer_lake_dag.py
[2026-01-01T18:21:36.143+0530] {logging_mixin.py:188} INFO - [2026-01-01T18:21:36.142+0530] {dag.py:3089} INFO - Sync 1 DAGs
[2026-01-01T18:21:36.171+0530] {logging_mixin.py:188} INFO - [2026-01-01T18:21:36.170+0530] {dag.py:3947} INFO - Setting next_dagrun for solana_transfer_lake to 2026-01-01 00:00:00+00:00, run_after=2026-01-02 00:00:00+00:00
[2026-01-01T18:21:36.205+0530] {processor.py:183} INFO - Processing /Users/kara/Desktop/solana-transfer-lake/airflow/airflow_home/dags/solana_transfer_lake_dag.py took 0.333 seconds
[2026-01-01T18:22:11.663+0530] {processor.py:161} INFO - Started process (PID=35872) to work on /Users/kara/Desktop/solana-transfer-lake/airflow/airflow_home/dags/solana_transfer_lake_dag.py
[2026-01-01T18:22:11.666+0530] {processor.py:830} INFO - Processing file /Users/kara/Desktop/solana-transfer-lake/airflow/airflow_home/dags/solana_transfer_lake_dag.py for tasks to queue
[2026-01-01T18:22:11.668+0530] {logging_mixin.py:188} INFO - [2026-01-01T18:22:11.667+0530] {dagbag.py:545} INFO - Filling up the DagBag from /Users/kara/Desktop/solana-transfer-lake/airflow/airflow_home/dags/solana_transfer_lake_dag.py
[2026-01-01T18:22:11.705+0530] {processor.py:840} INFO - DAG(s) 'solana_transfer_lake' retrieved from /Users/kara/Desktop/solana-transfer-lake/airflow/airflow_home/dags/solana_transfer_lake_dag.py
[2026-01-01T18:22:11.895+0530] {logging_mixin.py:188} INFO - [2026-01-01T18:22:11.894+0530] {dag.py:3089} INFO - Sync 1 DAGs
[2026-01-01T18:22:11.920+0530] {logging_mixin.py:188} INFO - [2026-01-01T18:22:11.920+0530] {dag.py:3947} INFO - Setting next_dagrun for solana_transfer_lake to 2026-01-01 00:00:00+00:00, run_after=2026-01-02 00:00:00+00:00
[2026-01-01T18:22:11.956+0530] {processor.py:183} INFO - Processing /Users/kara/Desktop/solana-transfer-lake/airflow/airflow_home/dags/solana_transfer_lake_dag.py took 0.296 seconds
[2026-01-01T18:22:47.486+0530] {processor.py:161} INFO - Started process (PID=35875) to work on /Users/kara/Desktop/solana-transfer-lake/airflow/airflow_home/dags/solana_transfer_lake_dag.py
[2026-01-01T18:22:47.491+0530] {processor.py:830} INFO - Processing file /Users/kara/Desktop/solana-transfer-lake/airflow/airflow_home/dags/solana_transfer_lake_dag.py for tasks to queue
[2026-01-01T18:22:47.494+0530] {logging_mixin.py:188} INFO - [2026-01-01T18:22:47.494+0530] {dagbag.py:545} INFO - Filling up the DagBag from /Users/kara/Desktop/solana-transfer-lake/airflow/airflow_home/dags/solana_transfer_lake_dag.py
[2026-01-01T18:22:47.538+0530] {processor.py:840} INFO - DAG(s) 'solana_transfer_lake' retrieved from /Users/kara/Desktop/solana-transfer-lake/airflow/airflow_home/dags/solana_transfer_lake_dag.py
[2026-01-01T18:22:47.860+0530] {logging_mixin.py:188} INFO - [2026-01-01T18:22:47.859+0530] {dag.py:3089} INFO - Sync 1 DAGs
[2026-01-01T18:22:47.898+0530] {logging_mixin.py:188} INFO - [2026-01-01T18:22:47.898+0530] {dag.py:3947} INFO - Setting next_dagrun for solana_transfer_lake to 2026-01-01 00:00:00+00:00, run_after=2026-01-02 00:00:00+00:00
[2026-01-01T18:22:47.930+0530] {processor.py:183} INFO - Processing /Users/kara/Desktop/solana-transfer-lake/airflow/airflow_home/dags/solana_transfer_lake_dag.py took 0.452 seconds
[2026-01-01T18:23:25.633+0530] {processor.py:161} INFO - Started process (PID=35878) to work on /Users/kara/Desktop/solana-transfer-lake/airflow/airflow_home/dags/solana_transfer_lake_dag.py
[2026-01-01T18:23:25.637+0530] {processor.py:830} INFO - Processing file /Users/kara/Desktop/solana-transfer-lake/airflow/airflow_home/dags/solana_transfer_lake_dag.py for tasks to queue
[2026-01-01T18:23:25.639+0530] {logging_mixin.py:188} INFO - [2026-01-01T18:23:25.639+0530] {dagbag.py:545} INFO - Filling up the DagBag from /Users/kara/Desktop/solana-transfer-lake/airflow/airflow_home/dags/solana_transfer_lake_dag.py
[2026-01-01T18:23:25.801+0530] {processor.py:840} INFO - DAG(s) 'solana_transfer_lake' retrieved from /Users/kara/Desktop/solana-transfer-lake/airflow/airflow_home/dags/solana_transfer_lake_dag.py
[2026-01-01T18:23:26.260+0530] {logging_mixin.py:188} INFO - [2026-01-01T18:23:26.259+0530] {dag.py:3089} INFO - Sync 1 DAGs
[2026-01-01T18:23:26.457+0530] {logging_mixin.py:188} INFO - [2026-01-01T18:23:26.457+0530] {dag.py:3947} INFO - Setting next_dagrun for solana_transfer_lake to 2026-01-01 00:00:00+00:00, run_after=2026-01-02 00:00:00+00:00
[2026-01-01T18:23:26.510+0530] {processor.py:183} INFO - Processing /Users/kara/Desktop/solana-transfer-lake/airflow/airflow_home/dags/solana_transfer_lake_dag.py took 0.884 seconds
[2026-01-01T18:24:01.493+0530] {processor.py:161} INFO - Started process (PID=35913) to work on /Users/kara/Desktop/solana-transfer-lake/airflow/airflow_home/dags/solana_transfer_lake_dag.py
[2026-01-01T18:24:01.496+0530] {processor.py:830} INFO - Processing file /Users/kara/Desktop/solana-transfer-lake/airflow/airflow_home/dags/solana_transfer_lake_dag.py for tasks to queue
[2026-01-01T18:24:01.497+0530] {logging_mixin.py:188} INFO - [2026-01-01T18:24:01.497+0530] {dagbag.py:545} INFO - Filling up the DagBag from /Users/kara/Desktop/solana-transfer-lake/airflow/airflow_home/dags/solana_transfer_lake_dag.py
[2026-01-01T18:24:01.527+0530] {processor.py:840} INFO - DAG(s) 'solana_transfer_lake' retrieved from /Users/kara/Desktop/solana-transfer-lake/airflow/airflow_home/dags/solana_transfer_lake_dag.py
[2026-01-01T18:24:01.690+0530] {logging_mixin.py:188} INFO - [2026-01-01T18:24:01.690+0530] {dag.py:3089} INFO - Sync 1 DAGs
[2026-01-01T18:24:01.711+0530] {logging_mixin.py:188} INFO - [2026-01-01T18:24:01.711+0530] {dag.py:3947} INFO - Setting next_dagrun for solana_transfer_lake to 2026-01-01 00:00:00+00:00, run_after=2026-01-02 00:00:00+00:00
[2026-01-01T18:24:01.734+0530] {processor.py:183} INFO - Processing /Users/kara/Desktop/solana-transfer-lake/airflow/airflow_home/dags/solana_transfer_lake_dag.py took 0.244 seconds
[2026-01-01T18:24:35.330+0530] {processor.py:161} INFO - Started process (PID=35950) to work on /Users/kara/Desktop/solana-transfer-lake/airflow/airflow_home/dags/solana_transfer_lake_dag.py
[2026-01-01T18:24:35.333+0530] {processor.py:830} INFO - Processing file /Users/kara/Desktop/solana-transfer-lake/airflow/airflow_home/dags/solana_transfer_lake_dag.py for tasks to queue
[2026-01-01T18:24:35.334+0530] {logging_mixin.py:188} INFO - [2026-01-01T18:24:35.334+0530] {dagbag.py:545} INFO - Filling up the DagBag from /Users/kara/Desktop/solana-transfer-lake/airflow/airflow_home/dags/solana_transfer_lake_dag.py
[2026-01-01T18:24:35.349+0530] {processor.py:840} INFO - DAG(s) 'solana_transfer_lake' retrieved from /Users/kara/Desktop/solana-transfer-lake/airflow/airflow_home/dags/solana_transfer_lake_dag.py
[2026-01-01T18:24:35.553+0530] {logging_mixin.py:188} INFO - [2026-01-01T18:24:35.553+0530] {dag.py:3089} INFO - Sync 1 DAGs
[2026-01-01T18:24:35.589+0530] {logging_mixin.py:188} INFO - [2026-01-01T18:24:35.588+0530] {dag.py:3947} INFO - Setting next_dagrun for solana_transfer_lake to 2026-01-01 00:00:00+00:00, run_after=2026-01-02 00:00:00+00:00
[2026-01-01T18:24:35.625+0530] {processor.py:183} INFO - Processing /Users/kara/Desktop/solana-transfer-lake/airflow/airflow_home/dags/solana_transfer_lake_dag.py took 0.302 seconds
[2026-01-01T18:25:00.659+0530] {processor.py:161} INFO - Started process (PID=35991) to work on /Users/kara/Desktop/solana-transfer-lake/airflow/airflow_home/dags/solana_transfer_lake_dag.py
[2026-01-01T18:25:00.661+0530] {processor.py:830} INFO - Processing file /Users/kara/Desktop/solana-transfer-lake/airflow/airflow_home/dags/solana_transfer_lake_dag.py for tasks to queue
[2026-01-01T18:25:00.662+0530] {logging_mixin.py:188} INFO - [2026-01-01T18:25:00.662+0530] {dagbag.py:545} INFO - Filling up the DagBag from /Users/kara/Desktop/solana-transfer-lake/airflow/airflow_home/dags/solana_transfer_lake_dag.py
[2026-01-01T18:25:00.676+0530] {logging_mixin.py:188} INFO - [2026-01-01T18:25:00.673+0530] {dagbag.py:355} ERROR - Failed to import: /Users/kara/Desktop/solana-transfer-lake/airflow/airflow_home/dags/solana_transfer_lake_dag.py
Traceback (most recent call last):
  File "/Users/kara/Desktop/airflow/airflow_venv/lib/python3.11/site-packages/airflow/models/dagbag.py", line 351, in parse
    loader.exec_module(new_module)
  File "<frozen importlib._bootstrap_external>", line 940, in exec_module
  File "<frozen importlib._bootstrap>", line 241, in _call_with_frames_removed
  File "/Users/kara/Desktop/solana-transfer-lake/airflow/airflow_home/dags/solana_transfer_lake_dag.py", line 28, in <module>
    cd {PROJECT_ROOT} &&
        ^^^^^^^^^^^^
NameError: name 'PROJECT_ROOT' is not defined
[2026-01-01T18:25:00.677+0530] {processor.py:842} WARNING - No viable dags retrieved from /Users/kara/Desktop/solana-transfer-lake/airflow/airflow_home/dags/solana_transfer_lake_dag.py
[2026-01-01T18:25:00.829+0530] {processor.py:183} INFO - Processing /Users/kara/Desktop/solana-transfer-lake/airflow/airflow_home/dags/solana_transfer_lake_dag.py took 0.175 seconds
[2026-01-01T18:25:30.110+0530] {processor.py:161} INFO - Started process (PID=36017) to work on /Users/kara/Desktop/solana-transfer-lake/airflow/airflow_home/dags/solana_transfer_lake_dag.py
[2026-01-01T18:25:30.116+0530] {processor.py:830} INFO - Processing file /Users/kara/Desktop/solana-transfer-lake/airflow/airflow_home/dags/solana_transfer_lake_dag.py for tasks to queue
[2026-01-01T18:25:30.118+0530] {logging_mixin.py:188} INFO - [2026-01-01T18:25:30.118+0530] {dagbag.py:545} INFO - Filling up the DagBag from /Users/kara/Desktop/solana-transfer-lake/airflow/airflow_home/dags/solana_transfer_lake_dag.py
[2026-01-01T18:25:30.130+0530] {logging_mixin.py:188} INFO - [2026-01-01T18:25:30.128+0530] {dagbag.py:355} ERROR - Failed to import: /Users/kara/Desktop/solana-transfer-lake/airflow/airflow_home/dags/solana_transfer_lake_dag.py
Traceback (most recent call last):
  File "/Users/kara/Desktop/airflow/airflow_venv/lib/python3.11/site-packages/airflow/models/dagbag.py", line 351, in parse
    loader.exec_module(new_module)
  File "<frozen importlib._bootstrap_external>", line 940, in exec_module
  File "<frozen importlib._bootstrap>", line 241, in _call_with_frames_removed
  File "/Users/kara/Desktop/solana-transfer-lake/airflow/airflow_home/dags/solana_transfer_lake_dag.py", line 38, in <module>
    cd {PROJECT_ROOT} &&
        ^^^^^^^^^^^^
NameError: name 'PROJECT_ROOT' is not defined
[2026-01-01T18:25:30.131+0530] {processor.py:842} WARNING - No viable dags retrieved from /Users/kara/Desktop/solana-transfer-lake/airflow/airflow_home/dags/solana_transfer_lake_dag.py
[2026-01-01T18:25:30.350+0530] {processor.py:183} INFO - Processing /Users/kara/Desktop/solana-transfer-lake/airflow/airflow_home/dags/solana_transfer_lake_dag.py took 0.243 seconds
[2026-01-01T18:25:39.945+0530] {processor.py:161} INFO - Started process (PID=36028) to work on /Users/kara/Desktop/solana-transfer-lake/airflow/airflow_home/dags/solana_transfer_lake_dag.py
[2026-01-01T18:25:39.946+0530] {processor.py:830} INFO - Processing file /Users/kara/Desktop/solana-transfer-lake/airflow/airflow_home/dags/solana_transfer_lake_dag.py for tasks to queue
[2026-01-01T18:25:39.947+0530] {logging_mixin.py:188} INFO - [2026-01-01T18:25:39.946+0530] {dagbag.py:545} INFO - Filling up the DagBag from /Users/kara/Desktop/solana-transfer-lake/airflow/airflow_home/dags/solana_transfer_lake_dag.py
[2026-01-01T18:25:39.957+0530] {processor.py:840} INFO - DAG(s) 'solana_transfer_lake' retrieved from /Users/kara/Desktop/solana-transfer-lake/airflow/airflow_home/dags/solana_transfer_lake_dag.py
[2026-01-01T18:25:40.433+0530] {logging_mixin.py:188} INFO - [2026-01-01T18:25:40.431+0530] {dag.py:3089} INFO - Sync 1 DAGs
[2026-01-01T18:25:40.456+0530] {logging_mixin.py:188} INFO - [2026-01-01T18:25:40.455+0530] {dag.py:3947} INFO - Setting next_dagrun for solana_transfer_lake to 2026-01-01 00:00:00+00:00, run_after=2026-01-02 00:00:00+00:00
[2026-01-01T18:25:40.488+0530] {processor.py:183} INFO - Processing /Users/kara/Desktop/solana-transfer-lake/airflow/airflow_home/dags/solana_transfer_lake_dag.py took 0.546 seconds
[2026-01-01T18:26:13.809+0530] {processor.py:161} INFO - Started process (PID=36057) to work on /Users/kara/Desktop/solana-transfer-lake/airflow/airflow_home/dags/solana_transfer_lake_dag.py
[2026-01-01T18:26:13.811+0530] {processor.py:830} INFO - Processing file /Users/kara/Desktop/solana-transfer-lake/airflow/airflow_home/dags/solana_transfer_lake_dag.py for tasks to queue
[2026-01-01T18:26:13.812+0530] {logging_mixin.py:188} INFO - [2026-01-01T18:26:13.812+0530] {dagbag.py:545} INFO - Filling up the DagBag from /Users/kara/Desktop/solana-transfer-lake/airflow/airflow_home/dags/solana_transfer_lake_dag.py
[2026-01-01T18:26:13.824+0530] {processor.py:840} INFO - DAG(s) 'solana_transfer_lake' retrieved from /Users/kara/Desktop/solana-transfer-lake/airflow/airflow_home/dags/solana_transfer_lake_dag.py
[2026-01-01T18:26:13.958+0530] {logging_mixin.py:188} INFO - [2026-01-01T18:26:13.957+0530] {dag.py:3089} INFO - Sync 1 DAGs
[2026-01-01T18:26:13.978+0530] {logging_mixin.py:188} INFO - [2026-01-01T18:26:13.978+0530] {dag.py:3947} INFO - Setting next_dagrun for solana_transfer_lake to 2026-01-01 00:00:00+00:00, run_after=2026-01-02 00:00:00+00:00
[2026-01-01T18:26:14.000+0530] {processor.py:183} INFO - Processing /Users/kara/Desktop/solana-transfer-lake/airflow/airflow_home/dags/solana_transfer_lake_dag.py took 0.193 seconds
[2026-01-01T18:26:48.706+0530] {processor.py:161} INFO - Started process (PID=36097) to work on /Users/kara/Desktop/solana-transfer-lake/airflow/airflow_home/dags/solana_transfer_lake_dag.py
[2026-01-01T18:26:48.709+0530] {processor.py:830} INFO - Processing file /Users/kara/Desktop/solana-transfer-lake/airflow/airflow_home/dags/solana_transfer_lake_dag.py for tasks to queue
[2026-01-01T18:26:48.710+0530] {logging_mixin.py:188} INFO - [2026-01-01T18:26:48.710+0530] {dagbag.py:545} INFO - Filling up the DagBag from /Users/kara/Desktop/solana-transfer-lake/airflow/airflow_home/dags/solana_transfer_lake_dag.py
[2026-01-01T18:26:48.745+0530] {processor.py:840} INFO - DAG(s) 'solana_transfer_lake' retrieved from /Users/kara/Desktop/solana-transfer-lake/airflow/airflow_home/dags/solana_transfer_lake_dag.py
[2026-01-01T18:26:48.917+0530] {logging_mixin.py:188} INFO - [2026-01-01T18:26:48.917+0530] {dag.py:3089} INFO - Sync 1 DAGs
[2026-01-01T18:26:48.941+0530] {logging_mixin.py:188} INFO - [2026-01-01T18:26:48.941+0530] {dag.py:3947} INFO - Setting next_dagrun for solana_transfer_lake to 2026-01-01 00:00:00+00:00, run_after=2026-01-02 00:00:00+00:00
[2026-01-01T18:26:48.974+0530] {processor.py:183} INFO - Processing /Users/kara/Desktop/solana-transfer-lake/airflow/airflow_home/dags/solana_transfer_lake_dag.py took 0.273 seconds
[2026-01-01T18:27:22.379+0530] {processor.py:161} INFO - Started process (PID=36255) to work on /Users/kara/Desktop/solana-transfer-lake/airflow/airflow_home/dags/solana_transfer_lake_dag.py
[2026-01-01T18:27:22.382+0530] {processor.py:830} INFO - Processing file /Users/kara/Desktop/solana-transfer-lake/airflow/airflow_home/dags/solana_transfer_lake_dag.py for tasks to queue
[2026-01-01T18:27:22.383+0530] {logging_mixin.py:188} INFO - [2026-01-01T18:27:22.383+0530] {dagbag.py:545} INFO - Filling up the DagBag from /Users/kara/Desktop/solana-transfer-lake/airflow/airflow_home/dags/solana_transfer_lake_dag.py
[2026-01-01T18:27:22.411+0530] {processor.py:840} INFO - DAG(s) 'solana_transfer_lake' retrieved from /Users/kara/Desktop/solana-transfer-lake/airflow/airflow_home/dags/solana_transfer_lake_dag.py
[2026-01-01T18:27:22.561+0530] {logging_mixin.py:188} INFO - [2026-01-01T18:27:22.561+0530] {dag.py:3089} INFO - Sync 1 DAGs
[2026-01-01T18:27:22.585+0530] {logging_mixin.py:188} INFO - [2026-01-01T18:27:22.585+0530] {dag.py:3947} INFO - Setting next_dagrun for solana_transfer_lake to 2026-01-01 00:00:00+00:00, run_after=2026-01-02 00:00:00+00:00
[2026-01-01T18:27:22.626+0530] {processor.py:183} INFO - Processing /Users/kara/Desktop/solana-transfer-lake/airflow/airflow_home/dags/solana_transfer_lake_dag.py took 0.250 seconds
[2026-01-01T18:27:55.877+0530] {processor.py:161} INFO - Started process (PID=36279) to work on /Users/kara/Desktop/solana-transfer-lake/airflow/airflow_home/dags/solana_transfer_lake_dag.py
[2026-01-01T18:27:55.880+0530] {processor.py:830} INFO - Processing file /Users/kara/Desktop/solana-transfer-lake/airflow/airflow_home/dags/solana_transfer_lake_dag.py for tasks to queue
[2026-01-01T18:27:55.881+0530] {logging_mixin.py:188} INFO - [2026-01-01T18:27:55.880+0530] {dagbag.py:545} INFO - Filling up the DagBag from /Users/kara/Desktop/solana-transfer-lake/airflow/airflow_home/dags/solana_transfer_lake_dag.py
[2026-01-01T18:27:55.915+0530] {processor.py:840} INFO - DAG(s) 'solana_transfer_lake' retrieved from /Users/kara/Desktop/solana-transfer-lake/airflow/airflow_home/dags/solana_transfer_lake_dag.py
[2026-01-01T18:27:56.102+0530] {logging_mixin.py:188} INFO - [2026-01-01T18:27:56.101+0530] {dag.py:3089} INFO - Sync 1 DAGs
[2026-01-01T18:27:56.125+0530] {logging_mixin.py:188} INFO - [2026-01-01T18:27:56.125+0530] {dag.py:3947} INFO - Setting next_dagrun for solana_transfer_lake to 2026-01-01 00:00:00+00:00, run_after=2026-01-02 00:00:00+00:00
[2026-01-01T18:27:56.149+0530] {processor.py:183} INFO - Processing /Users/kara/Desktop/solana-transfer-lake/airflow/airflow_home/dags/solana_transfer_lake_dag.py took 0.278 seconds
[2026-01-01T18:28:31.729+0530] {processor.py:161} INFO - Started process (PID=36308) to work on /Users/kara/Desktop/solana-transfer-lake/airflow/airflow_home/dags/solana_transfer_lake_dag.py
[2026-01-01T18:28:31.732+0530] {processor.py:830} INFO - Processing file /Users/kara/Desktop/solana-transfer-lake/airflow/airflow_home/dags/solana_transfer_lake_dag.py for tasks to queue
[2026-01-01T18:28:31.733+0530] {logging_mixin.py:188} INFO - [2026-01-01T18:28:31.733+0530] {dagbag.py:545} INFO - Filling up the DagBag from /Users/kara/Desktop/solana-transfer-lake/airflow/airflow_home/dags/solana_transfer_lake_dag.py
[2026-01-01T18:28:31.767+0530] {processor.py:840} INFO - DAG(s) 'solana_transfer_lake' retrieved from /Users/kara/Desktop/solana-transfer-lake/airflow/airflow_home/dags/solana_transfer_lake_dag.py
[2026-01-01T18:28:31.967+0530] {logging_mixin.py:188} INFO - [2026-01-01T18:28:31.967+0530] {dag.py:3089} INFO - Sync 1 DAGs
[2026-01-01T18:28:31.990+0530] {logging_mixin.py:188} INFO - [2026-01-01T18:28:31.990+0530] {dag.py:3947} INFO - Setting next_dagrun for solana_transfer_lake to 2026-01-01 00:00:00+00:00, run_after=2026-01-02 00:00:00+00:00
[2026-01-01T18:28:32.019+0530] {processor.py:183} INFO - Processing /Users/kara/Desktop/solana-transfer-lake/airflow/airflow_home/dags/solana_transfer_lake_dag.py took 0.295 seconds
[2026-01-01T18:29:06.419+0530] {processor.py:161} INFO - Started process (PID=36311) to work on /Users/kara/Desktop/solana-transfer-lake/airflow/airflow_home/dags/solana_transfer_lake_dag.py
[2026-01-01T18:29:06.423+0530] {processor.py:830} INFO - Processing file /Users/kara/Desktop/solana-transfer-lake/airflow/airflow_home/dags/solana_transfer_lake_dag.py for tasks to queue
[2026-01-01T18:29:06.424+0530] {logging_mixin.py:188} INFO - [2026-01-01T18:29:06.424+0530] {dagbag.py:545} INFO - Filling up the DagBag from /Users/kara/Desktop/solana-transfer-lake/airflow/airflow_home/dags/solana_transfer_lake_dag.py
[2026-01-01T18:29:06.462+0530] {processor.py:840} INFO - DAG(s) 'solana_transfer_lake' retrieved from /Users/kara/Desktop/solana-transfer-lake/airflow/airflow_home/dags/solana_transfer_lake_dag.py
[2026-01-01T18:29:06.732+0530] {logging_mixin.py:188} INFO - [2026-01-01T18:29:06.731+0530] {dag.py:3089} INFO - Sync 1 DAGs
[2026-01-01T18:29:06.772+0530] {logging_mixin.py:188} INFO - [2026-01-01T18:29:06.771+0530] {dag.py:3947} INFO - Setting next_dagrun for solana_transfer_lake to 2026-01-01 00:00:00+00:00, run_after=2026-01-02 00:00:00+00:00
[2026-01-01T18:29:06.817+0530] {processor.py:183} INFO - Processing /Users/kara/Desktop/solana-transfer-lake/airflow/airflow_home/dags/solana_transfer_lake_dag.py took 0.401 seconds
[2026-01-01T18:30:50.187+0530] {processor.py:161} INFO - Started process (PID=36900) to work on /Users/kara/Desktop/solana-transfer-lake/airflow/airflow_home/dags/solana_transfer_lake_dag.py
[2026-01-01T18:30:50.189+0530] {processor.py:830} INFO - Processing file /Users/kara/Desktop/solana-transfer-lake/airflow/airflow_home/dags/solana_transfer_lake_dag.py for tasks to queue
[2026-01-01T18:30:50.191+0530] {logging_mixin.py:188} INFO - [2026-01-01T18:30:50.190+0530] {dagbag.py:545} INFO - Filling up the DagBag from /Users/kara/Desktop/solana-transfer-lake/airflow/airflow_home/dags/solana_transfer_lake_dag.py
[2026-01-01T18:30:50.217+0530] {processor.py:840} INFO - DAG(s) 'solana_transfer_lake' retrieved from /Users/kara/Desktop/solana-transfer-lake/airflow/airflow_home/dags/solana_transfer_lake_dag.py
[2026-01-01T18:30:50.401+0530] {logging_mixin.py:188} INFO - [2026-01-01T18:30:50.400+0530] {dag.py:3089} INFO - Sync 1 DAGs
[2026-01-01T18:30:50.435+0530] {logging_mixin.py:188} INFO - [2026-01-01T18:30:50.434+0530] {dag.py:3947} INFO - Setting next_dagrun for solana_transfer_lake to 2026-01-01 00:00:00+00:00, run_after=2026-01-02 00:00:00+00:00
[2026-01-01T18:30:50.467+0530] {processor.py:183} INFO - Processing /Users/kara/Desktop/solana-transfer-lake/airflow/airflow_home/dags/solana_transfer_lake_dag.py took 0.286 seconds
[2026-01-01T18:31:30.753+0530] {processor.py:161} INFO - Started process (PID=36939) to work on /Users/kara/Desktop/solana-transfer-lake/airflow/airflow_home/dags/solana_transfer_lake_dag.py
[2026-01-01T18:31:30.757+0530] {processor.py:830} INFO - Processing file /Users/kara/Desktop/solana-transfer-lake/airflow/airflow_home/dags/solana_transfer_lake_dag.py for tasks to queue
[2026-01-01T18:31:30.758+0530] {logging_mixin.py:188} INFO - [2026-01-01T18:31:30.758+0530] {dagbag.py:545} INFO - Filling up the DagBag from /Users/kara/Desktop/solana-transfer-lake/airflow/airflow_home/dags/solana_transfer_lake_dag.py
[2026-01-01T18:31:30.776+0530] {processor.py:840} INFO - DAG(s) 'solana_transfer_lake' retrieved from /Users/kara/Desktop/solana-transfer-lake/airflow/airflow_home/dags/solana_transfer_lake_dag.py
[2026-01-01T18:31:31.035+0530] {logging_mixin.py:188} INFO - [2026-01-01T18:31:31.034+0530] {dag.py:3089} INFO - Sync 1 DAGs
[2026-01-01T18:31:31.063+0530] {logging_mixin.py:188} INFO - [2026-01-01T18:31:31.062+0530] {dag.py:3947} INFO - Setting next_dagrun for solana_transfer_lake to 2026-01-01 00:00:00+00:00, run_after=2026-01-02 00:00:00+00:00
[2026-01-01T18:31:31.103+0530] {processor.py:183} INFO - Processing /Users/kara/Desktop/solana-transfer-lake/airflow/airflow_home/dags/solana_transfer_lake_dag.py took 0.353 seconds
[2026-01-01T18:32:05.342+0530] {processor.py:161} INFO - Started process (PID=36992) to work on /Users/kara/Desktop/solana-transfer-lake/airflow/airflow_home/dags/solana_transfer_lake_dag.py
[2026-01-01T18:32:05.346+0530] {processor.py:830} INFO - Processing file /Users/kara/Desktop/solana-transfer-lake/airflow/airflow_home/dags/solana_transfer_lake_dag.py for tasks to queue
[2026-01-01T18:32:05.346+0530] {logging_mixin.py:188} INFO - [2026-01-01T18:32:05.346+0530] {dagbag.py:545} INFO - Filling up the DagBag from /Users/kara/Desktop/solana-transfer-lake/airflow/airflow_home/dags/solana_transfer_lake_dag.py
[2026-01-01T18:32:05.381+0530] {processor.py:840} INFO - DAG(s) 'solana_transfer_lake' retrieved from /Users/kara/Desktop/solana-transfer-lake/airflow/airflow_home/dags/solana_transfer_lake_dag.py
[2026-01-01T18:32:05.567+0530] {logging_mixin.py:188} INFO - [2026-01-01T18:32:05.567+0530] {dag.py:3089} INFO - Sync 1 DAGs
[2026-01-01T18:32:05.592+0530] {logging_mixin.py:188} INFO - [2026-01-01T18:32:05.591+0530] {dag.py:3947} INFO - Setting next_dagrun for solana_transfer_lake to 2026-01-01 00:00:00+00:00, run_after=2026-01-02 00:00:00+00:00
[2026-01-01T18:32:05.618+0530] {processor.py:183} INFO - Processing /Users/kara/Desktop/solana-transfer-lake/airflow/airflow_home/dags/solana_transfer_lake_dag.py took 0.279 seconds
[2026-01-01T18:32:41.242+0530] {processor.py:161} INFO - Started process (PID=37040) to work on /Users/kara/Desktop/solana-transfer-lake/airflow/airflow_home/dags/solana_transfer_lake_dag.py
[2026-01-01T18:32:41.253+0530] {processor.py:830} INFO - Processing file /Users/kara/Desktop/solana-transfer-lake/airflow/airflow_home/dags/solana_transfer_lake_dag.py for tasks to queue
[2026-01-01T18:32:41.254+0530] {logging_mixin.py:188} INFO - [2026-01-01T18:32:41.254+0530] {dagbag.py:545} INFO - Filling up the DagBag from /Users/kara/Desktop/solana-transfer-lake/airflow/airflow_home/dags/solana_transfer_lake_dag.py
[2026-01-01T18:32:41.290+0530] {processor.py:840} INFO - DAG(s) 'solana_transfer_lake' retrieved from /Users/kara/Desktop/solana-transfer-lake/airflow/airflow_home/dags/solana_transfer_lake_dag.py
[2026-01-01T18:32:41.583+0530] {logging_mixin.py:188} INFO - [2026-01-01T18:32:41.582+0530] {dag.py:3089} INFO - Sync 1 DAGs
[2026-01-01T18:32:41.640+0530] {logging_mixin.py:188} INFO - [2026-01-01T18:32:41.640+0530] {dag.py:3947} INFO - Setting next_dagrun for solana_transfer_lake to 2026-01-01 00:00:00+00:00, run_after=2026-01-02 00:00:00+00:00
[2026-01-01T18:32:41.677+0530] {processor.py:183} INFO - Processing /Users/kara/Desktop/solana-transfer-lake/airflow/airflow_home/dags/solana_transfer_lake_dag.py took 0.445 seconds
[2026-01-01T18:33:16.397+0530] {processor.py:161} INFO - Started process (PID=37056) to work on /Users/kara/Desktop/solana-transfer-lake/airflow/airflow_home/dags/solana_transfer_lake_dag.py
[2026-01-01T18:33:16.403+0530] {processor.py:830} INFO - Processing file /Users/kara/Desktop/solana-transfer-lake/airflow/airflow_home/dags/solana_transfer_lake_dag.py for tasks to queue
[2026-01-01T18:33:16.406+0530] {logging_mixin.py:188} INFO - [2026-01-01T18:33:16.405+0530] {dagbag.py:545} INFO - Filling up the DagBag from /Users/kara/Desktop/solana-transfer-lake/airflow/airflow_home/dags/solana_transfer_lake_dag.py
[2026-01-01T18:33:16.448+0530] {processor.py:840} INFO - DAG(s) 'solana_transfer_lake' retrieved from /Users/kara/Desktop/solana-transfer-lake/airflow/airflow_home/dags/solana_transfer_lake_dag.py
[2026-01-01T18:33:16.667+0530] {logging_mixin.py:188} INFO - [2026-01-01T18:33:16.667+0530] {dag.py:3089} INFO - Sync 1 DAGs
[2026-01-01T18:33:16.703+0530] {logging_mixin.py:188} INFO - [2026-01-01T18:33:16.702+0530] {dag.py:3947} INFO - Setting next_dagrun for solana_transfer_lake to 2026-01-01 00:00:00+00:00, run_after=2026-01-02 00:00:00+00:00
[2026-01-01T18:33:16.747+0530] {processor.py:183} INFO - Processing /Users/kara/Desktop/solana-transfer-lake/airflow/airflow_home/dags/solana_transfer_lake_dag.py took 0.354 seconds
[2026-01-01T18:33:50.884+0530] {processor.py:161} INFO - Started process (PID=37060) to work on /Users/kara/Desktop/solana-transfer-lake/airflow/airflow_home/dags/solana_transfer_lake_dag.py
[2026-01-01T18:33:50.886+0530] {processor.py:830} INFO - Processing file /Users/kara/Desktop/solana-transfer-lake/airflow/airflow_home/dags/solana_transfer_lake_dag.py for tasks to queue
[2026-01-01T18:33:50.888+0530] {logging_mixin.py:188} INFO - [2026-01-01T18:33:50.887+0530] {dagbag.py:545} INFO - Filling up the DagBag from /Users/kara/Desktop/solana-transfer-lake/airflow/airflow_home/dags/solana_transfer_lake_dag.py
[2026-01-01T18:33:50.912+0530] {processor.py:840} INFO - DAG(s) 'solana_transfer_lake' retrieved from /Users/kara/Desktop/solana-transfer-lake/airflow/airflow_home/dags/solana_transfer_lake_dag.py
[2026-01-01T18:33:51.083+0530] {logging_mixin.py:188} INFO - [2026-01-01T18:33:51.083+0530] {dag.py:3089} INFO - Sync 1 DAGs
[2026-01-01T18:33:51.162+0530] {logging_mixin.py:188} INFO - [2026-01-01T18:33:51.162+0530] {dag.py:3947} INFO - Setting next_dagrun for solana_transfer_lake to 2026-01-01 00:00:00+00:00, run_after=2026-01-02 00:00:00+00:00
[2026-01-01T18:33:51.189+0530] {processor.py:183} INFO - Processing /Users/kara/Desktop/solana-transfer-lake/airflow/airflow_home/dags/solana_transfer_lake_dag.py took 0.309 seconds
[2026-01-01T18:34:25.210+0530] {processor.py:161} INFO - Started process (PID=37063) to work on /Users/kara/Desktop/solana-transfer-lake/airflow/airflow_home/dags/solana_transfer_lake_dag.py
[2026-01-01T18:34:25.213+0530] {processor.py:830} INFO - Processing file /Users/kara/Desktop/solana-transfer-lake/airflow/airflow_home/dags/solana_transfer_lake_dag.py for tasks to queue
[2026-01-01T18:34:25.214+0530] {logging_mixin.py:188} INFO - [2026-01-01T18:34:25.213+0530] {dagbag.py:545} INFO - Filling up the DagBag from /Users/kara/Desktop/solana-transfer-lake/airflow/airflow_home/dags/solana_transfer_lake_dag.py
[2026-01-01T18:34:25.242+0530] {processor.py:840} INFO - DAG(s) 'solana_transfer_lake' retrieved from /Users/kara/Desktop/solana-transfer-lake/airflow/airflow_home/dags/solana_transfer_lake_dag.py
[2026-01-01T18:34:25.585+0530] {logging_mixin.py:188} INFO - [2026-01-01T18:34:25.584+0530] {dag.py:3089} INFO - Sync 1 DAGs
[2026-01-01T18:34:25.631+0530] {logging_mixin.py:188} INFO - [2026-01-01T18:34:25.631+0530] {dag.py:3947} INFO - Setting next_dagrun for solana_transfer_lake to 2026-01-01 00:00:00+00:00, run_after=2026-01-02 00:00:00+00:00
[2026-01-01T18:34:25.666+0530] {processor.py:183} INFO - Processing /Users/kara/Desktop/solana-transfer-lake/airflow/airflow_home/dags/solana_transfer_lake_dag.py took 0.460 seconds
[2026-01-01T18:34:59.815+0530] {processor.py:161} INFO - Started process (PID=37066) to work on /Users/kara/Desktop/solana-transfer-lake/airflow/airflow_home/dags/solana_transfer_lake_dag.py
[2026-01-01T18:34:59.819+0530] {processor.py:830} INFO - Processing file /Users/kara/Desktop/solana-transfer-lake/airflow/airflow_home/dags/solana_transfer_lake_dag.py for tasks to queue
[2026-01-01T18:34:59.819+0530] {logging_mixin.py:188} INFO - [2026-01-01T18:34:59.819+0530] {dagbag.py:545} INFO - Filling up the DagBag from /Users/kara/Desktop/solana-transfer-lake/airflow/airflow_home/dags/solana_transfer_lake_dag.py
[2026-01-01T18:34:59.847+0530] {processor.py:840} INFO - DAG(s) 'solana_transfer_lake' retrieved from /Users/kara/Desktop/solana-transfer-lake/airflow/airflow_home/dags/solana_transfer_lake_dag.py
[2026-01-01T18:35:00.036+0530] {logging_mixin.py:188} INFO - [2026-01-01T18:35:00.035+0530] {dag.py:3089} INFO - Sync 1 DAGs
[2026-01-01T18:35:00.060+0530] {logging_mixin.py:188} INFO - [2026-01-01T18:35:00.060+0530] {dag.py:3947} INFO - Setting next_dagrun for solana_transfer_lake to 2026-01-01 00:00:00+00:00, run_after=2026-01-02 00:00:00+00:00
[2026-01-01T18:35:00.091+0530] {processor.py:183} INFO - Processing /Users/kara/Desktop/solana-transfer-lake/airflow/airflow_home/dags/solana_transfer_lake_dag.py took 0.279 seconds
[2026-01-01T18:35:34.893+0530] {processor.py:161} INFO - Started process (PID=37076) to work on /Users/kara/Desktop/solana-transfer-lake/airflow/airflow_home/dags/solana_transfer_lake_dag.py
[2026-01-01T18:35:34.898+0530] {processor.py:830} INFO - Processing file /Users/kara/Desktop/solana-transfer-lake/airflow/airflow_home/dags/solana_transfer_lake_dag.py for tasks to queue
[2026-01-01T18:35:34.899+0530] {logging_mixin.py:188} INFO - [2026-01-01T18:35:34.899+0530] {dagbag.py:545} INFO - Filling up the DagBag from /Users/kara/Desktop/solana-transfer-lake/airflow/airflow_home/dags/solana_transfer_lake_dag.py
[2026-01-01T18:35:34.935+0530] {processor.py:840} INFO - DAG(s) 'solana_transfer_lake' retrieved from /Users/kara/Desktop/solana-transfer-lake/airflow/airflow_home/dags/solana_transfer_lake_dag.py
[2026-01-01T18:35:35.118+0530] {logging_mixin.py:188} INFO - [2026-01-01T18:35:35.118+0530] {dag.py:3089} INFO - Sync 1 DAGs
[2026-01-01T18:35:35.139+0530] {logging_mixin.py:188} INFO - [2026-01-01T18:35:35.139+0530] {dag.py:3947} INFO - Setting next_dagrun for solana_transfer_lake to 2026-01-01 00:00:00+00:00, run_after=2026-01-02 00:00:00+00:00
[2026-01-01T18:35:35.161+0530] {processor.py:183} INFO - Processing /Users/kara/Desktop/solana-transfer-lake/airflow/airflow_home/dags/solana_transfer_lake_dag.py took 0.273 seconds
[2026-01-01T18:36:09.840+0530] {processor.py:161} INFO - Started process (PID=37109) to work on /Users/kara/Desktop/solana-transfer-lake/airflow/airflow_home/dags/solana_transfer_lake_dag.py
[2026-01-01T18:36:09.845+0530] {processor.py:830} INFO - Processing file /Users/kara/Desktop/solana-transfer-lake/airflow/airflow_home/dags/solana_transfer_lake_dag.py for tasks to queue
[2026-01-01T18:36:09.846+0530] {logging_mixin.py:188} INFO - [2026-01-01T18:36:09.846+0530] {dagbag.py:545} INFO - Filling up the DagBag from /Users/kara/Desktop/solana-transfer-lake/airflow/airflow_home/dags/solana_transfer_lake_dag.py
[2026-01-01T18:36:09.884+0530] {processor.py:840} INFO - DAG(s) 'solana_transfer_lake' retrieved from /Users/kara/Desktop/solana-transfer-lake/airflow/airflow_home/dags/solana_transfer_lake_dag.py
[2026-01-01T18:36:10.049+0530] {logging_mixin.py:188} INFO - [2026-01-01T18:36:10.049+0530] {dag.py:3089} INFO - Sync 1 DAGs
[2026-01-01T18:36:10.069+0530] {logging_mixin.py:188} INFO - [2026-01-01T18:36:10.069+0530] {dag.py:3947} INFO - Setting next_dagrun for solana_transfer_lake to 2026-01-01 00:00:00+00:00, run_after=2026-01-02 00:00:00+00:00
[2026-01-01T18:36:10.096+0530] {processor.py:183} INFO - Processing /Users/kara/Desktop/solana-transfer-lake/airflow/airflow_home/dags/solana_transfer_lake_dag.py took 0.261 seconds
[2026-01-01T18:36:43.002+0530] {processor.py:161} INFO - Started process (PID=37139) to work on /Users/kara/Desktop/solana-transfer-lake/airflow/airflow_home/dags/solana_transfer_lake_dag.py
[2026-01-01T18:36:43.007+0530] {processor.py:830} INFO - Processing file /Users/kara/Desktop/solana-transfer-lake/airflow/airflow_home/dags/solana_transfer_lake_dag.py for tasks to queue
[2026-01-01T18:36:43.008+0530] {logging_mixin.py:188} INFO - [2026-01-01T18:36:43.008+0530] {dagbag.py:545} INFO - Filling up the DagBag from /Users/kara/Desktop/solana-transfer-lake/airflow/airflow_home/dags/solana_transfer_lake_dag.py
[2026-01-01T18:36:43.045+0530] {processor.py:840} INFO - DAG(s) 'solana_transfer_lake' retrieved from /Users/kara/Desktop/solana-transfer-lake/airflow/airflow_home/dags/solana_transfer_lake_dag.py
[2026-01-01T18:36:43.926+0530] {logging_mixin.py:188} INFO - [2026-01-01T18:36:43.926+0530] {dag.py:3089} INFO - Sync 1 DAGs
[2026-01-01T18:36:43.972+0530] {logging_mixin.py:188} INFO - [2026-01-01T18:36:43.972+0530] {dag.py:3947} INFO - Setting next_dagrun for solana_transfer_lake to 2026-01-01 00:00:00+00:00, run_after=2026-01-02 00:00:00+00:00
[2026-01-01T18:36:44.009+0530] {processor.py:183} INFO - Processing /Users/kara/Desktop/solana-transfer-lake/airflow/airflow_home/dags/solana_transfer_lake_dag.py took 1.010 seconds
[2026-01-01T18:37:19.517+0530] {processor.py:161} INFO - Started process (PID=37365) to work on /Users/kara/Desktop/solana-transfer-lake/airflow/airflow_home/dags/solana_transfer_lake_dag.py
[2026-01-01T18:37:19.520+0530] {processor.py:830} INFO - Processing file /Users/kara/Desktop/solana-transfer-lake/airflow/airflow_home/dags/solana_transfer_lake_dag.py for tasks to queue
[2026-01-01T18:37:19.521+0530] {logging_mixin.py:188} INFO - [2026-01-01T18:37:19.521+0530] {dagbag.py:545} INFO - Filling up the DagBag from /Users/kara/Desktop/solana-transfer-lake/airflow/airflow_home/dags/solana_transfer_lake_dag.py
[2026-01-01T18:37:19.544+0530] {processor.py:840} INFO - DAG(s) 'solana_transfer_lake' retrieved from /Users/kara/Desktop/solana-transfer-lake/airflow/airflow_home/dags/solana_transfer_lake_dag.py
[2026-01-01T18:37:19.687+0530] {logging_mixin.py:188} INFO - [2026-01-01T18:37:19.686+0530] {dag.py:3089} INFO - Sync 1 DAGs
[2026-01-01T18:37:19.707+0530] {logging_mixin.py:188} INFO - [2026-01-01T18:37:19.707+0530] {dag.py:3947} INFO - Setting next_dagrun for solana_transfer_lake to 2026-01-01 00:00:00+00:00, run_after=2026-01-02 00:00:00+00:00
[2026-01-01T18:37:19.733+0530] {processor.py:183} INFO - Processing /Users/kara/Desktop/solana-transfer-lake/airflow/airflow_home/dags/solana_transfer_lake_dag.py took 0.218 seconds
[2026-01-01T18:37:52.745+0530] {processor.py:161} INFO - Started process (PID=37401) to work on /Users/kara/Desktop/solana-transfer-lake/airflow/airflow_home/dags/solana_transfer_lake_dag.py
[2026-01-01T18:37:52.749+0530] {processor.py:830} INFO - Processing file /Users/kara/Desktop/solana-transfer-lake/airflow/airflow_home/dags/solana_transfer_lake_dag.py for tasks to queue
[2026-01-01T18:37:52.751+0530] {logging_mixin.py:188} INFO - [2026-01-01T18:37:52.750+0530] {dagbag.py:545} INFO - Filling up the DagBag from /Users/kara/Desktop/solana-transfer-lake/airflow/airflow_home/dags/solana_transfer_lake_dag.py
[2026-01-01T18:37:52.770+0530] {processor.py:840} INFO - DAG(s) 'solana_transfer_lake' retrieved from /Users/kara/Desktop/solana-transfer-lake/airflow/airflow_home/dags/solana_transfer_lake_dag.py
[2026-01-01T18:37:52.939+0530] {logging_mixin.py:188} INFO - [2026-01-01T18:37:52.938+0530] {dag.py:3089} INFO - Sync 1 DAGs
[2026-01-01T18:37:52.962+0530] {logging_mixin.py:188} INFO - [2026-01-01T18:37:52.961+0530] {dag.py:3947} INFO - Setting next_dagrun for solana_transfer_lake to 2026-01-01 00:00:00+00:00, run_after=2026-01-02 00:00:00+00:00
[2026-01-01T18:37:52.985+0530] {processor.py:183} INFO - Processing /Users/kara/Desktop/solana-transfer-lake/airflow/airflow_home/dags/solana_transfer_lake_dag.py took 0.244 seconds
[2026-01-01T18:38:27.550+0530] {processor.py:161} INFO - Started process (PID=37408) to work on /Users/kara/Desktop/solana-transfer-lake/airflow/airflow_home/dags/solana_transfer_lake_dag.py
[2026-01-01T18:38:27.554+0530] {processor.py:830} INFO - Processing file /Users/kara/Desktop/solana-transfer-lake/airflow/airflow_home/dags/solana_transfer_lake_dag.py for tasks to queue
[2026-01-01T18:38:27.555+0530] {logging_mixin.py:188} INFO - [2026-01-01T18:38:27.555+0530] {dagbag.py:545} INFO - Filling up the DagBag from /Users/kara/Desktop/solana-transfer-lake/airflow/airflow_home/dags/solana_transfer_lake_dag.py
[2026-01-01T18:38:27.591+0530] {processor.py:840} INFO - DAG(s) 'solana_transfer_lake' retrieved from /Users/kara/Desktop/solana-transfer-lake/airflow/airflow_home/dags/solana_transfer_lake_dag.py
[2026-01-01T18:38:27.779+0530] {logging_mixin.py:188} INFO - [2026-01-01T18:38:27.779+0530] {dag.py:3089} INFO - Sync 1 DAGs
[2026-01-01T18:38:27.800+0530] {logging_mixin.py:188} INFO - [2026-01-01T18:38:27.800+0530] {dag.py:3947} INFO - Setting next_dagrun for solana_transfer_lake to 2026-01-01 00:00:00+00:00, run_after=2026-01-02 00:00:00+00:00
[2026-01-01T18:38:27.822+0530] {processor.py:183} INFO - Processing /Users/kara/Desktop/solana-transfer-lake/airflow/airflow_home/dags/solana_transfer_lake_dag.py took 0.276 seconds
[2026-01-01T18:39:03.075+0530] {processor.py:161} INFO - Started process (PID=37468) to work on /Users/kara/Desktop/solana-transfer-lake/airflow/airflow_home/dags/solana_transfer_lake_dag.py
[2026-01-01T18:39:03.079+0530] {processor.py:830} INFO - Processing file /Users/kara/Desktop/solana-transfer-lake/airflow/airflow_home/dags/solana_transfer_lake_dag.py for tasks to queue
[2026-01-01T18:39:03.080+0530] {logging_mixin.py:188} INFO - [2026-01-01T18:39:03.080+0530] {dagbag.py:545} INFO - Filling up the DagBag from /Users/kara/Desktop/solana-transfer-lake/airflow/airflow_home/dags/solana_transfer_lake_dag.py
[2026-01-01T18:39:03.107+0530] {processor.py:840} INFO - DAG(s) 'solana_transfer_lake' retrieved from /Users/kara/Desktop/solana-transfer-lake/airflow/airflow_home/dags/solana_transfer_lake_dag.py
[2026-01-01T18:39:03.292+0530] {logging_mixin.py:188} INFO - [2026-01-01T18:39:03.291+0530] {dag.py:3089} INFO - Sync 1 DAGs
[2026-01-01T18:39:03.323+0530] {logging_mixin.py:188} INFO - [2026-01-01T18:39:03.323+0530] {dag.py:3947} INFO - Setting next_dagrun for solana_transfer_lake to 2026-01-01 00:00:00+00:00, run_after=2026-01-02 00:00:00+00:00
[2026-01-01T18:39:03.347+0530] {processor.py:183} INFO - Processing /Users/kara/Desktop/solana-transfer-lake/airflow/airflow_home/dags/solana_transfer_lake_dag.py took 0.275 seconds
[2026-01-01T18:39:37.723+0530] {processor.py:161} INFO - Started process (PID=37482) to work on /Users/kara/Desktop/solana-transfer-lake/airflow/airflow_home/dags/solana_transfer_lake_dag.py
[2026-01-01T18:39:37.726+0530] {processor.py:830} INFO - Processing file /Users/kara/Desktop/solana-transfer-lake/airflow/airflow_home/dags/solana_transfer_lake_dag.py for tasks to queue
[2026-01-01T18:39:37.727+0530] {logging_mixin.py:188} INFO - [2026-01-01T18:39:37.727+0530] {dagbag.py:545} INFO - Filling up the DagBag from /Users/kara/Desktop/solana-transfer-lake/airflow/airflow_home/dags/solana_transfer_lake_dag.py
[2026-01-01T18:39:37.753+0530] {processor.py:840} INFO - DAG(s) 'solana_transfer_lake' retrieved from /Users/kara/Desktop/solana-transfer-lake/airflow/airflow_home/dags/solana_transfer_lake_dag.py
[2026-01-01T18:39:37.934+0530] {logging_mixin.py:188} INFO - [2026-01-01T18:39:37.934+0530] {dag.py:3089} INFO - Sync 1 DAGs
[2026-01-01T18:39:37.963+0530] {logging_mixin.py:188} INFO - [2026-01-01T18:39:37.963+0530] {dag.py:3947} INFO - Setting next_dagrun for solana_transfer_lake to 2026-01-01 00:00:00+00:00, run_after=2026-01-02 00:00:00+00:00
[2026-01-01T18:39:37.991+0530] {processor.py:183} INFO - Processing /Users/kara/Desktop/solana-transfer-lake/airflow/airflow_home/dags/solana_transfer_lake_dag.py took 0.272 seconds
[2026-01-01T18:40:10.301+0530] {processor.py:161} INFO - Started process (PID=37510) to work on /Users/kara/Desktop/solana-transfer-lake/airflow/airflow_home/dags/solana_transfer_lake_dag.py
[2026-01-01T18:40:10.302+0530] {processor.py:830} INFO - Processing file /Users/kara/Desktop/solana-transfer-lake/airflow/airflow_home/dags/solana_transfer_lake_dag.py for tasks to queue
[2026-01-01T18:40:10.303+0530] {logging_mixin.py:188} INFO - [2026-01-01T18:40:10.303+0530] {dagbag.py:545} INFO - Filling up the DagBag from /Users/kara/Desktop/solana-transfer-lake/airflow/airflow_home/dags/solana_transfer_lake_dag.py
[2026-01-01T18:40:10.316+0530] {processor.py:840} INFO - DAG(s) 'solana_transfer_lake' retrieved from /Users/kara/Desktop/solana-transfer-lake/airflow/airflow_home/dags/solana_transfer_lake_dag.py
[2026-01-01T18:40:10.455+0530] {logging_mixin.py:188} INFO - [2026-01-01T18:40:10.454+0530] {dag.py:3089} INFO - Sync 1 DAGs
[2026-01-01T18:40:10.479+0530] {logging_mixin.py:188} INFO - [2026-01-01T18:40:10.479+0530] {dag.py:3947} INFO - Setting next_dagrun for solana_transfer_lake to 2026-01-01 00:00:00+00:00, run_after=2026-01-02 00:00:00+00:00
[2026-01-01T18:40:10.504+0530] {processor.py:183} INFO - Processing /Users/kara/Desktop/solana-transfer-lake/airflow/airflow_home/dags/solana_transfer_lake_dag.py took 0.209 seconds
[2026-01-01T18:40:43.917+0530] {processor.py:161} INFO - Started process (PID=37540) to work on /Users/kara/Desktop/solana-transfer-lake/airflow/airflow_home/dags/solana_transfer_lake_dag.py
[2026-01-01T18:40:43.929+0530] {processor.py:830} INFO - Processing file /Users/kara/Desktop/solana-transfer-lake/airflow/airflow_home/dags/solana_transfer_lake_dag.py for tasks to queue
[2026-01-01T18:40:43.930+0530] {logging_mixin.py:188} INFO - [2026-01-01T18:40:43.929+0530] {dagbag.py:545} INFO - Filling up the DagBag from /Users/kara/Desktop/solana-transfer-lake/airflow/airflow_home/dags/solana_transfer_lake_dag.py
[2026-01-01T18:40:43.965+0530] {processor.py:840} INFO - DAG(s) 'solana_transfer_lake' retrieved from /Users/kara/Desktop/solana-transfer-lake/airflow/airflow_home/dags/solana_transfer_lake_dag.py
[2026-01-01T18:40:44.171+0530] {logging_mixin.py:188} INFO - [2026-01-01T18:40:44.170+0530] {dag.py:3089} INFO - Sync 1 DAGs
[2026-01-01T18:40:44.194+0530] {logging_mixin.py:188} INFO - [2026-01-01T18:40:44.194+0530] {dag.py:3947} INFO - Setting next_dagrun for solana_transfer_lake to 2026-01-01 00:00:00+00:00, run_after=2026-01-02 00:00:00+00:00
[2026-01-01T18:40:44.221+0530] {processor.py:183} INFO - Processing /Users/kara/Desktop/solana-transfer-lake/airflow/airflow_home/dags/solana_transfer_lake_dag.py took 0.311 seconds
[2026-01-01T18:41:16.722+0530] {processor.py:161} INFO - Started process (PID=37566) to work on /Users/kara/Desktop/solana-transfer-lake/airflow/airflow_home/dags/solana_transfer_lake_dag.py
[2026-01-01T18:41:16.724+0530] {processor.py:830} INFO - Processing file /Users/kara/Desktop/solana-transfer-lake/airflow/airflow_home/dags/solana_transfer_lake_dag.py for tasks to queue
[2026-01-01T18:41:16.726+0530] {logging_mixin.py:188} INFO - [2026-01-01T18:41:16.725+0530] {dagbag.py:545} INFO - Filling up the DagBag from /Users/kara/Desktop/solana-transfer-lake/airflow/airflow_home/dags/solana_transfer_lake_dag.py
[2026-01-01T18:41:16.748+0530] {processor.py:840} INFO - DAG(s) 'solana_transfer_lake' retrieved from /Users/kara/Desktop/solana-transfer-lake/airflow/airflow_home/dags/solana_transfer_lake_dag.py
[2026-01-01T18:41:16.919+0530] {logging_mixin.py:188} INFO - [2026-01-01T18:41:16.919+0530] {dag.py:3089} INFO - Sync 1 DAGs
[2026-01-01T18:41:16.947+0530] {logging_mixin.py:188} INFO - [2026-01-01T18:41:16.946+0530] {dag.py:3947} INFO - Setting next_dagrun for solana_transfer_lake to 2026-01-01 00:00:00+00:00, run_after=2026-01-02 00:00:00+00:00
[2026-01-01T18:41:16.972+0530] {processor.py:183} INFO - Processing /Users/kara/Desktop/solana-transfer-lake/airflow/airflow_home/dags/solana_transfer_lake_dag.py took 0.254 seconds
[2026-01-01T18:41:50.361+0530] {processor.py:161} INFO - Started process (PID=37581) to work on /Users/kara/Desktop/solana-transfer-lake/airflow/airflow_home/dags/solana_transfer_lake_dag.py
[2026-01-01T18:41:50.365+0530] {processor.py:830} INFO - Processing file /Users/kara/Desktop/solana-transfer-lake/airflow/airflow_home/dags/solana_transfer_lake_dag.py for tasks to queue
[2026-01-01T18:41:50.365+0530] {logging_mixin.py:188} INFO - [2026-01-01T18:41:50.365+0530] {dagbag.py:545} INFO - Filling up the DagBag from /Users/kara/Desktop/solana-transfer-lake/airflow/airflow_home/dags/solana_transfer_lake_dag.py
[2026-01-01T18:41:50.404+0530] {processor.py:840} INFO - DAG(s) 'solana_transfer_lake' retrieved from /Users/kara/Desktop/solana-transfer-lake/airflow/airflow_home/dags/solana_transfer_lake_dag.py
[2026-01-01T18:41:50.645+0530] {logging_mixin.py:188} INFO - [2026-01-01T18:41:50.645+0530] {dag.py:3089} INFO - Sync 1 DAGs
[2026-01-01T18:41:50.681+0530] {logging_mixin.py:188} INFO - [2026-01-01T18:41:50.680+0530] {dag.py:3947} INFO - Setting next_dagrun for solana_transfer_lake to 2026-01-01 00:00:00+00:00, run_after=2026-01-02 00:00:00+00:00
[2026-01-01T18:41:50.716+0530] {processor.py:183} INFO - Processing /Users/kara/Desktop/solana-transfer-lake/airflow/airflow_home/dags/solana_transfer_lake_dag.py took 0.362 seconds
[2026-01-01T18:42:24.312+0530] {processor.py:161} INFO - Started process (PID=37586) to work on /Users/kara/Desktop/solana-transfer-lake/airflow/airflow_home/dags/solana_transfer_lake_dag.py
[2026-01-01T18:42:24.314+0530] {processor.py:830} INFO - Processing file /Users/kara/Desktop/solana-transfer-lake/airflow/airflow_home/dags/solana_transfer_lake_dag.py for tasks to queue
[2026-01-01T18:42:24.315+0530] {logging_mixin.py:188} INFO - [2026-01-01T18:42:24.315+0530] {dagbag.py:545} INFO - Filling up the DagBag from /Users/kara/Desktop/solana-transfer-lake/airflow/airflow_home/dags/solana_transfer_lake_dag.py
[2026-01-01T18:42:24.340+0530] {processor.py:840} INFO - DAG(s) 'solana_transfer_lake' retrieved from /Users/kara/Desktop/solana-transfer-lake/airflow/airflow_home/dags/solana_transfer_lake_dag.py
[2026-01-01T18:42:24.522+0530] {logging_mixin.py:188} INFO - [2026-01-01T18:42:24.521+0530] {dag.py:3089} INFO - Sync 1 DAGs
[2026-01-01T18:42:24.552+0530] {logging_mixin.py:188} INFO - [2026-01-01T18:42:24.552+0530] {dag.py:3947} INFO - Setting next_dagrun for solana_transfer_lake to 2026-01-01 00:00:00+00:00, run_after=2026-01-02 00:00:00+00:00
[2026-01-01T18:42:24.581+0530] {processor.py:183} INFO - Processing /Users/kara/Desktop/solana-transfer-lake/airflow/airflow_home/dags/solana_transfer_lake_dag.py took 0.272 seconds
[2026-01-01T18:42:58.949+0530] {processor.py:161} INFO - Started process (PID=37589) to work on /Users/kara/Desktop/solana-transfer-lake/airflow/airflow_home/dags/solana_transfer_lake_dag.py
[2026-01-01T18:42:58.952+0530] {processor.py:830} INFO - Processing file /Users/kara/Desktop/solana-transfer-lake/airflow/airflow_home/dags/solana_transfer_lake_dag.py for tasks to queue
[2026-01-01T18:42:58.953+0530] {logging_mixin.py:188} INFO - [2026-01-01T18:42:58.953+0530] {dagbag.py:545} INFO - Filling up the DagBag from /Users/kara/Desktop/solana-transfer-lake/airflow/airflow_home/dags/solana_transfer_lake_dag.py
[2026-01-01T18:42:58.986+0530] {processor.py:840} INFO - DAG(s) 'solana_transfer_lake' retrieved from /Users/kara/Desktop/solana-transfer-lake/airflow/airflow_home/dags/solana_transfer_lake_dag.py
[2026-01-01T18:42:59.150+0530] {logging_mixin.py:188} INFO - [2026-01-01T18:42:59.150+0530] {dag.py:3089} INFO - Sync 1 DAGs
[2026-01-01T18:42:59.172+0530] {logging_mixin.py:188} INFO - [2026-01-01T18:42:59.171+0530] {dag.py:3947} INFO - Setting next_dagrun for solana_transfer_lake to 2026-01-01 00:00:00+00:00, run_after=2026-01-02 00:00:00+00:00
[2026-01-01T18:42:59.196+0530] {processor.py:183} INFO - Processing /Users/kara/Desktop/solana-transfer-lake/airflow/airflow_home/dags/solana_transfer_lake_dag.py took 0.250 seconds
[2026-01-01T18:43:34.180+0530] {processor.py:161} INFO - Started process (PID=37595) to work on /Users/kara/Desktop/solana-transfer-lake/airflow/airflow_home/dags/solana_transfer_lake_dag.py
[2026-01-01T18:43:34.184+0530] {processor.py:830} INFO - Processing file /Users/kara/Desktop/solana-transfer-lake/airflow/airflow_home/dags/solana_transfer_lake_dag.py for tasks to queue
[2026-01-01T18:43:34.185+0530] {logging_mixin.py:188} INFO - [2026-01-01T18:43:34.185+0530] {dagbag.py:545} INFO - Filling up the DagBag from /Users/kara/Desktop/solana-transfer-lake/airflow/airflow_home/dags/solana_transfer_lake_dag.py
[2026-01-01T18:43:34.228+0530] {processor.py:840} INFO - DAG(s) 'solana_transfer_lake' retrieved from /Users/kara/Desktop/solana-transfer-lake/airflow/airflow_home/dags/solana_transfer_lake_dag.py
[2026-01-01T18:43:34.406+0530] {logging_mixin.py:188} INFO - [2026-01-01T18:43:34.406+0530] {dag.py:3089} INFO - Sync 1 DAGs
[2026-01-01T18:43:34.434+0530] {logging_mixin.py:188} INFO - [2026-01-01T18:43:34.434+0530] {dag.py:3947} INFO - Setting next_dagrun for solana_transfer_lake to 2026-01-01 00:00:00+00:00, run_after=2026-01-02 00:00:00+00:00
[2026-01-01T18:43:34.458+0530] {processor.py:183} INFO - Processing /Users/kara/Desktop/solana-transfer-lake/airflow/airflow_home/dags/solana_transfer_lake_dag.py took 0.281 seconds
[2026-01-01T18:44:09.263+0530] {processor.py:161} INFO - Started process (PID=37612) to work on /Users/kara/Desktop/solana-transfer-lake/airflow/airflow_home/dags/solana_transfer_lake_dag.py
[2026-01-01T18:44:09.266+0530] {processor.py:830} INFO - Processing file /Users/kara/Desktop/solana-transfer-lake/airflow/airflow_home/dags/solana_transfer_lake_dag.py for tasks to queue
[2026-01-01T18:44:09.267+0530] {logging_mixin.py:188} INFO - [2026-01-01T18:44:09.267+0530] {dagbag.py:545} INFO - Filling up the DagBag from /Users/kara/Desktop/solana-transfer-lake/airflow/airflow_home/dags/solana_transfer_lake_dag.py
[2026-01-01T18:44:09.294+0530] {processor.py:840} INFO - DAG(s) 'solana_transfer_lake' retrieved from /Users/kara/Desktop/solana-transfer-lake/airflow/airflow_home/dags/solana_transfer_lake_dag.py
[2026-01-01T18:44:09.546+0530] {logging_mixin.py:188} INFO - [2026-01-01T18:44:09.546+0530] {dag.py:3089} INFO - Sync 1 DAGs
[2026-01-01T18:44:09.583+0530] {logging_mixin.py:188} INFO - [2026-01-01T18:44:09.583+0530] {dag.py:3947} INFO - Setting next_dagrun for solana_transfer_lake to 2026-01-01 00:00:00+00:00, run_after=2026-01-02 00:00:00+00:00
[2026-01-01T18:44:09.612+0530] {processor.py:183} INFO - Processing /Users/kara/Desktop/solana-transfer-lake/airflow/airflow_home/dags/solana_transfer_lake_dag.py took 0.355 seconds
[2026-01-01T18:44:44.465+0530] {processor.py:161} INFO - Started process (PID=37619) to work on /Users/kara/Desktop/solana-transfer-lake/airflow/airflow_home/dags/solana_transfer_lake_dag.py
[2026-01-01T18:44:44.470+0530] {processor.py:830} INFO - Processing file /Users/kara/Desktop/solana-transfer-lake/airflow/airflow_home/dags/solana_transfer_lake_dag.py for tasks to queue
[2026-01-01T18:44:44.472+0530] {logging_mixin.py:188} INFO - [2026-01-01T18:44:44.472+0530] {dagbag.py:545} INFO - Filling up the DagBag from /Users/kara/Desktop/solana-transfer-lake/airflow/airflow_home/dags/solana_transfer_lake_dag.py
[2026-01-01T18:44:44.518+0530] {processor.py:840} INFO - DAG(s) 'solana_transfer_lake' retrieved from /Users/kara/Desktop/solana-transfer-lake/airflow/airflow_home/dags/solana_transfer_lake_dag.py
[2026-01-01T18:44:44.691+0530] {logging_mixin.py:188} INFO - [2026-01-01T18:44:44.691+0530] {dag.py:3089} INFO - Sync 1 DAGs
[2026-01-01T18:44:44.713+0530] {logging_mixin.py:188} INFO - [2026-01-01T18:44:44.712+0530] {dag.py:3947} INFO - Setting next_dagrun for solana_transfer_lake to 2026-01-01 00:00:00+00:00, run_after=2026-01-02 00:00:00+00:00
[2026-01-01T18:44:44.738+0530] {processor.py:183} INFO - Processing /Users/kara/Desktop/solana-transfer-lake/airflow/airflow_home/dags/solana_transfer_lake_dag.py took 0.279 seconds
[2026-01-01T18:45:19.775+0530] {processor.py:161} INFO - Started process (PID=37711) to work on /Users/kara/Desktop/solana-transfer-lake/airflow/airflow_home/dags/solana_transfer_lake_dag.py
[2026-01-01T18:45:19.779+0530] {processor.py:830} INFO - Processing file /Users/kara/Desktop/solana-transfer-lake/airflow/airflow_home/dags/solana_transfer_lake_dag.py for tasks to queue
[2026-01-01T18:45:19.780+0530] {logging_mixin.py:188} INFO - [2026-01-01T18:45:19.780+0530] {dagbag.py:545} INFO - Filling up the DagBag from /Users/kara/Desktop/solana-transfer-lake/airflow/airflow_home/dags/solana_transfer_lake_dag.py
[2026-01-01T18:45:19.817+0530] {processor.py:840} INFO - DAG(s) 'solana_transfer_lake' retrieved from /Users/kara/Desktop/solana-transfer-lake/airflow/airflow_home/dags/solana_transfer_lake_dag.py
[2026-01-01T18:45:20.036+0530] {logging_mixin.py:188} INFO - [2026-01-01T18:45:20.036+0530] {dag.py:3089} INFO - Sync 1 DAGs
[2026-01-01T18:45:20.062+0530] {logging_mixin.py:188} INFO - [2026-01-01T18:45:20.061+0530] {dag.py:3947} INFO - Setting next_dagrun for solana_transfer_lake to 2026-01-01 00:00:00+00:00, run_after=2026-01-02 00:00:00+00:00
[2026-01-01T18:45:20.088+0530] {processor.py:183} INFO - Processing /Users/kara/Desktop/solana-transfer-lake/airflow/airflow_home/dags/solana_transfer_lake_dag.py took 0.316 seconds
[2026-01-01T18:45:54.830+0530] {processor.py:161} INFO - Started process (PID=37945) to work on /Users/kara/Desktop/solana-transfer-lake/airflow/airflow_home/dags/solana_transfer_lake_dag.py
[2026-01-01T18:45:54.834+0530] {processor.py:830} INFO - Processing file /Users/kara/Desktop/solana-transfer-lake/airflow/airflow_home/dags/solana_transfer_lake_dag.py for tasks to queue
[2026-01-01T18:45:54.834+0530] {logging_mixin.py:188} INFO - [2026-01-01T18:45:54.834+0530] {dagbag.py:545} INFO - Filling up the DagBag from /Users/kara/Desktop/solana-transfer-lake/airflow/airflow_home/dags/solana_transfer_lake_dag.py
[2026-01-01T18:45:54.864+0530] {processor.py:840} INFO - DAG(s) 'solana_transfer_lake' retrieved from /Users/kara/Desktop/solana-transfer-lake/airflow/airflow_home/dags/solana_transfer_lake_dag.py
[2026-01-01T18:45:55.086+0530] {logging_mixin.py:188} INFO - [2026-01-01T18:45:55.086+0530] {dag.py:3089} INFO - Sync 1 DAGs
[2026-01-01T18:45:55.175+0530] {logging_mixin.py:188} INFO - [2026-01-01T18:45:55.175+0530] {dag.py:3947} INFO - Setting next_dagrun for solana_transfer_lake to 2026-01-01 00:00:00+00:00, run_after=2026-01-02 00:00:00+00:00
[2026-01-01T18:45:55.233+0530] {processor.py:183} INFO - Processing /Users/kara/Desktop/solana-transfer-lake/airflow/airflow_home/dags/solana_transfer_lake_dag.py took 0.406 seconds
[2026-01-01T18:46:29.390+0530] {processor.py:161} INFO - Started process (PID=38097) to work on /Users/kara/Desktop/solana-transfer-lake/airflow/airflow_home/dags/solana_transfer_lake_dag.py
[2026-01-01T18:46:29.396+0530] {processor.py:830} INFO - Processing file /Users/kara/Desktop/solana-transfer-lake/airflow/airflow_home/dags/solana_transfer_lake_dag.py for tasks to queue
[2026-01-01T18:46:29.398+0530] {logging_mixin.py:188} INFO - [2026-01-01T18:46:29.397+0530] {dagbag.py:545} INFO - Filling up the DagBag from /Users/kara/Desktop/solana-transfer-lake/airflow/airflow_home/dags/solana_transfer_lake_dag.py
[2026-01-01T18:46:29.432+0530] {processor.py:840} INFO - DAG(s) 'solana_transfer_lake' retrieved from /Users/kara/Desktop/solana-transfer-lake/airflow/airflow_home/dags/solana_transfer_lake_dag.py
[2026-01-01T18:46:29.615+0530] {logging_mixin.py:188} INFO - [2026-01-01T18:46:29.614+0530] {dag.py:3089} INFO - Sync 1 DAGs
[2026-01-01T18:46:29.635+0530] {logging_mixin.py:188} INFO - [2026-01-01T18:46:29.634+0530] {dag.py:3947} INFO - Setting next_dagrun for solana_transfer_lake to 2026-01-01 00:00:00+00:00, run_after=2026-01-02 00:00:00+00:00
[2026-01-01T18:46:29.672+0530] {processor.py:183} INFO - Processing /Users/kara/Desktop/solana-transfer-lake/airflow/airflow_home/dags/solana_transfer_lake_dag.py took 0.285 seconds
[2026-01-01T18:46:51.754+0530] {processor.py:161} INFO - Started process (PID=38343) to work on /Users/kara/Desktop/solana-transfer-lake/airflow/airflow_home/dags/solana_transfer_lake_dag.py
[2026-01-01T18:46:51.756+0530] {processor.py:830} INFO - Processing file /Users/kara/Desktop/solana-transfer-lake/airflow/airflow_home/dags/solana_transfer_lake_dag.py for tasks to queue
[2026-01-01T18:46:51.757+0530] {logging_mixin.py:188} INFO - [2026-01-01T18:46:51.757+0530] {dagbag.py:545} INFO - Filling up the DagBag from /Users/kara/Desktop/solana-transfer-lake/airflow/airflow_home/dags/solana_transfer_lake_dag.py
[2026-01-01T18:46:51.777+0530] {processor.py:840} INFO - DAG(s) 'solana_transfer_lake' retrieved from /Users/kara/Desktop/solana-transfer-lake/airflow/airflow_home/dags/solana_transfer_lake_dag.py
[2026-01-01T18:46:51.976+0530] {logging_mixin.py:188} INFO - [2026-01-01T18:46:51.975+0530] {dag.py:3089} INFO - Sync 1 DAGs
[2026-01-01T18:46:51.999+0530] {logging_mixin.py:188} INFO - [2026-01-01T18:46:51.998+0530] {dag.py:3947} INFO - Setting next_dagrun for solana_transfer_lake to 2026-01-01 00:00:00+00:00, run_after=2026-01-02 00:00:00+00:00
[2026-01-01T18:46:52.026+0530] {processor.py:183} INFO - Processing /Users/kara/Desktop/solana-transfer-lake/airflow/airflow_home/dags/solana_transfer_lake_dag.py took 0.276 seconds
[2026-01-01T18:47:34.047+0530] {processor.py:161} INFO - Started process (PID=38398) to work on /Users/kara/Desktop/solana-transfer-lake/airflow/airflow_home/dags/solana_transfer_lake_dag.py
[2026-01-01T18:47:34.051+0530] {processor.py:830} INFO - Processing file /Users/kara/Desktop/solana-transfer-lake/airflow/airflow_home/dags/solana_transfer_lake_dag.py for tasks to queue
[2026-01-01T18:47:34.053+0530] {logging_mixin.py:188} INFO - [2026-01-01T18:47:34.053+0530] {dagbag.py:545} INFO - Filling up the DagBag from /Users/kara/Desktop/solana-transfer-lake/airflow/airflow_home/dags/solana_transfer_lake_dag.py
[2026-01-01T18:47:34.089+0530] {processor.py:840} INFO - DAG(s) 'solana_transfer_lake' retrieved from /Users/kara/Desktop/solana-transfer-lake/airflow/airflow_home/dags/solana_transfer_lake_dag.py
[2026-01-01T18:47:34.265+0530] {logging_mixin.py:188} INFO - [2026-01-01T18:47:34.265+0530] {dag.py:3089} INFO - Sync 1 DAGs
[2026-01-01T18:47:34.287+0530] {logging_mixin.py:188} INFO - [2026-01-01T18:47:34.287+0530] {dag.py:3947} INFO - Setting next_dagrun for solana_transfer_lake to 2026-01-01 00:00:00+00:00, run_after=2026-01-02 00:00:00+00:00
[2026-01-01T18:47:34.311+0530] {processor.py:183} INFO - Processing /Users/kara/Desktop/solana-transfer-lake/airflow/airflow_home/dags/solana_transfer_lake_dag.py took 0.267 seconds
[2026-01-01T18:48:15.568+0530] {processor.py:161} INFO - Started process (PID=38490) to work on /Users/kara/Desktop/solana-transfer-lake/airflow/airflow_home/dags/solana_transfer_lake_dag.py
[2026-01-01T18:48:15.571+0530] {processor.py:830} INFO - Processing file /Users/kara/Desktop/solana-transfer-lake/airflow/airflow_home/dags/solana_transfer_lake_dag.py for tasks to queue
[2026-01-01T18:48:15.572+0530] {logging_mixin.py:188} INFO - [2026-01-01T18:48:15.572+0530] {dagbag.py:545} INFO - Filling up the DagBag from /Users/kara/Desktop/solana-transfer-lake/airflow/airflow_home/dags/solana_transfer_lake_dag.py
[2026-01-01T18:48:15.607+0530] {processor.py:840} INFO - DAG(s) 'solana_transfer_lake' retrieved from /Users/kara/Desktop/solana-transfer-lake/airflow/airflow_home/dags/solana_transfer_lake_dag.py
[2026-01-01T18:48:15.792+0530] {logging_mixin.py:188} INFO - [2026-01-01T18:48:15.792+0530] {dag.py:3089} INFO - Sync 1 DAGs
[2026-01-01T18:48:15.813+0530] {logging_mixin.py:188} INFO - [2026-01-01T18:48:15.813+0530] {dag.py:3947} INFO - Setting next_dagrun for solana_transfer_lake to 2026-01-01 00:00:00+00:00, run_after=2026-01-02 00:00:00+00:00
[2026-01-01T18:48:15.836+0530] {processor.py:183} INFO - Processing /Users/kara/Desktop/solana-transfer-lake/airflow/airflow_home/dags/solana_transfer_lake_dag.py took 0.270 seconds
[2026-01-01T18:48:54.620+0530] {processor.py:161} INFO - Started process (PID=38576) to work on /Users/kara/Desktop/solana-transfer-lake/airflow/airflow_home/dags/solana_transfer_lake_dag.py
[2026-01-01T18:48:54.623+0530] {processor.py:830} INFO - Processing file /Users/kara/Desktop/solana-transfer-lake/airflow/airflow_home/dags/solana_transfer_lake_dag.py for tasks to queue
[2026-01-01T18:48:54.624+0530] {logging_mixin.py:188} INFO - [2026-01-01T18:48:54.623+0530] {dagbag.py:545} INFO - Filling up the DagBag from /Users/kara/Desktop/solana-transfer-lake/airflow/airflow_home/dags/solana_transfer_lake_dag.py
[2026-01-01T18:48:54.663+0530] {processor.py:840} INFO - DAG(s) 'solana_transfer_lake' retrieved from /Users/kara/Desktop/solana-transfer-lake/airflow/airflow_home/dags/solana_transfer_lake_dag.py
[2026-01-01T18:48:54.841+0530] {logging_mixin.py:188} INFO - [2026-01-01T18:48:54.840+0530] {dag.py:3089} INFO - Sync 1 DAGs
[2026-01-01T18:48:54.863+0530] {logging_mixin.py:188} INFO - [2026-01-01T18:48:54.862+0530] {dag.py:3947} INFO - Setting next_dagrun for solana_transfer_lake to 2026-01-01 00:00:00+00:00, run_after=2026-01-02 00:00:00+00:00
[2026-01-01T18:48:54.886+0530] {processor.py:183} INFO - Processing /Users/kara/Desktop/solana-transfer-lake/airflow/airflow_home/dags/solana_transfer_lake_dag.py took 0.269 seconds
[2026-01-01T18:49:30.241+0530] {processor.py:161} INFO - Started process (PID=38627) to work on /Users/kara/Desktop/solana-transfer-lake/airflow/airflow_home/dags/solana_transfer_lake_dag.py
[2026-01-01T18:49:30.243+0530] {processor.py:830} INFO - Processing file /Users/kara/Desktop/solana-transfer-lake/airflow/airflow_home/dags/solana_transfer_lake_dag.py for tasks to queue
[2026-01-01T18:49:30.244+0530] {logging_mixin.py:188} INFO - [2026-01-01T18:49:30.244+0530] {dagbag.py:545} INFO - Filling up the DagBag from /Users/kara/Desktop/solana-transfer-lake/airflow/airflow_home/dags/solana_transfer_lake_dag.py
[2026-01-01T18:49:30.279+0530] {processor.py:840} INFO - DAG(s) 'solana_transfer_lake' retrieved from /Users/kara/Desktop/solana-transfer-lake/airflow/airflow_home/dags/solana_transfer_lake_dag.py
[2026-01-01T18:49:30.591+0530] {logging_mixin.py:188} INFO - [2026-01-01T18:49:30.590+0530] {dag.py:3089} INFO - Sync 1 DAGs
[2026-01-01T18:49:30.626+0530] {logging_mixin.py:188} INFO - [2026-01-01T18:49:30.626+0530] {dag.py:3947} INFO - Setting next_dagrun for solana_transfer_lake to 2026-01-01 00:00:00+00:00, run_after=2026-01-02 00:00:00+00:00
[2026-01-01T18:49:30.661+0530] {processor.py:183} INFO - Processing /Users/kara/Desktop/solana-transfer-lake/airflow/airflow_home/dags/solana_transfer_lake_dag.py took 0.425 seconds
[2026-01-01T18:50:19.846+0530] {processor.py:161} INFO - Started process (PID=38695) to work on /Users/kara/Desktop/solana-transfer-lake/airflow/airflow_home/dags/solana_transfer_lake_dag.py
[2026-01-01T18:50:19.850+0530] {processor.py:830} INFO - Processing file /Users/kara/Desktop/solana-transfer-lake/airflow/airflow_home/dags/solana_transfer_lake_dag.py for tasks to queue
[2026-01-01T18:50:19.851+0530] {logging_mixin.py:188} INFO - [2026-01-01T18:50:19.850+0530] {dagbag.py:545} INFO - Filling up the DagBag from /Users/kara/Desktop/solana-transfer-lake/airflow/airflow_home/dags/solana_transfer_lake_dag.py
[2026-01-01T18:50:19.888+0530] {processor.py:840} INFO - DAG(s) 'solana_transfer_lake' retrieved from /Users/kara/Desktop/solana-transfer-lake/airflow/airflow_home/dags/solana_transfer_lake_dag.py
[2026-01-01T18:50:20.071+0530] {logging_mixin.py:188} INFO - [2026-01-01T18:50:20.071+0530] {dag.py:3089} INFO - Sync 1 DAGs
[2026-01-01T18:50:20.092+0530] {logging_mixin.py:188} INFO - [2026-01-01T18:50:20.092+0530] {dag.py:3947} INFO - Setting next_dagrun for solana_transfer_lake to 2026-01-01 00:00:00+00:00, run_after=2026-01-02 00:00:00+00:00
[2026-01-01T18:50:20.114+0530] {processor.py:183} INFO - Processing /Users/kara/Desktop/solana-transfer-lake/airflow/airflow_home/dags/solana_transfer_lake_dag.py took 0.272 seconds
[2026-01-01T18:50:55.145+0530] {processor.py:161} INFO - Started process (PID=38754) to work on /Users/kara/Desktop/solana-transfer-lake/airflow/airflow_home/dags/solana_transfer_lake_dag.py
[2026-01-01T18:50:55.148+0530] {processor.py:830} INFO - Processing file /Users/kara/Desktop/solana-transfer-lake/airflow/airflow_home/dags/solana_transfer_lake_dag.py for tasks to queue
[2026-01-01T18:50:55.149+0530] {logging_mixin.py:188} INFO - [2026-01-01T18:50:55.149+0530] {dagbag.py:545} INFO - Filling up the DagBag from /Users/kara/Desktop/solana-transfer-lake/airflow/airflow_home/dags/solana_transfer_lake_dag.py
[2026-01-01T18:50:55.178+0530] {processor.py:840} INFO - DAG(s) 'solana_transfer_lake' retrieved from /Users/kara/Desktop/solana-transfer-lake/airflow/airflow_home/dags/solana_transfer_lake_dag.py
[2026-01-01T18:50:55.347+0530] {logging_mixin.py:188} INFO - [2026-01-01T18:50:55.347+0530] {dag.py:3089} INFO - Sync 1 DAGs
[2026-01-01T18:50:55.367+0530] {logging_mixin.py:188} INFO - [2026-01-01T18:50:55.367+0530] {dag.py:3947} INFO - Setting next_dagrun for solana_transfer_lake to 2026-01-01 00:00:00+00:00, run_after=2026-01-02 00:00:00+00:00
[2026-01-01T18:50:55.390+0530] {processor.py:183} INFO - Processing /Users/kara/Desktop/solana-transfer-lake/airflow/airflow_home/dags/solana_transfer_lake_dag.py took 0.248 seconds
[2026-01-01T18:51:29.917+0530] {processor.py:161} INFO - Started process (PID=38761) to work on /Users/kara/Desktop/solana-transfer-lake/airflow/airflow_home/dags/solana_transfer_lake_dag.py
[2026-01-01T18:51:29.920+0530] {processor.py:830} INFO - Processing file /Users/kara/Desktop/solana-transfer-lake/airflow/airflow_home/dags/solana_transfer_lake_dag.py for tasks to queue
[2026-01-01T18:51:29.921+0530] {logging_mixin.py:188} INFO - [2026-01-01T18:51:29.921+0530] {dagbag.py:545} INFO - Filling up the DagBag from /Users/kara/Desktop/solana-transfer-lake/airflow/airflow_home/dags/solana_transfer_lake_dag.py
[2026-01-01T18:51:29.948+0530] {processor.py:840} INFO - DAG(s) 'solana_transfer_lake' retrieved from /Users/kara/Desktop/solana-transfer-lake/airflow/airflow_home/dags/solana_transfer_lake_dag.py
[2026-01-01T18:51:30.124+0530] {logging_mixin.py:188} INFO - [2026-01-01T18:51:30.123+0530] {dag.py:3089} INFO - Sync 1 DAGs
[2026-01-01T18:51:30.143+0530] {logging_mixin.py:188} INFO - [2026-01-01T18:51:30.143+0530] {dag.py:3947} INFO - Setting next_dagrun for solana_transfer_lake to 2026-01-01 00:00:00+00:00, run_after=2026-01-02 00:00:00+00:00
[2026-01-01T18:51:30.173+0530] {processor.py:183} INFO - Processing /Users/kara/Desktop/solana-transfer-lake/airflow/airflow_home/dags/solana_transfer_lake_dag.py took 0.259 seconds
[2026-01-01T18:52:03.334+0530] {processor.py:161} INFO - Started process (PID=38766) to work on /Users/kara/Desktop/solana-transfer-lake/airflow/airflow_home/dags/solana_transfer_lake_dag.py
[2026-01-01T18:52:03.337+0530] {processor.py:830} INFO - Processing file /Users/kara/Desktop/solana-transfer-lake/airflow/airflow_home/dags/solana_transfer_lake_dag.py for tasks to queue
[2026-01-01T18:52:03.338+0530] {logging_mixin.py:188} INFO - [2026-01-01T18:52:03.338+0530] {dagbag.py:545} INFO - Filling up the DagBag from /Users/kara/Desktop/solana-transfer-lake/airflow/airflow_home/dags/solana_transfer_lake_dag.py
[2026-01-01T18:52:03.375+0530] {processor.py:840} INFO - DAG(s) 'solana_transfer_lake' retrieved from /Users/kara/Desktop/solana-transfer-lake/airflow/airflow_home/dags/solana_transfer_lake_dag.py
[2026-01-01T18:52:03.551+0530] {logging_mixin.py:188} INFO - [2026-01-01T18:52:03.551+0530] {dag.py:3089} INFO - Sync 1 DAGs
[2026-01-01T18:52:03.577+0530] {logging_mixin.py:188} INFO - [2026-01-01T18:52:03.577+0530] {dag.py:3947} INFO - Setting next_dagrun for solana_transfer_lake to 2026-01-01 00:00:00+00:00, run_after=2026-01-02 00:00:00+00:00
[2026-01-01T18:52:03.613+0530] {processor.py:183} INFO - Processing /Users/kara/Desktop/solana-transfer-lake/airflow/airflow_home/dags/solana_transfer_lake_dag.py took 0.282 seconds
[2026-01-01T18:52:37.738+0530] {processor.py:161} INFO - Started process (PID=38769) to work on /Users/kara/Desktop/solana-transfer-lake/airflow/airflow_home/dags/solana_transfer_lake_dag.py
[2026-01-01T18:52:37.742+0530] {processor.py:830} INFO - Processing file /Users/kara/Desktop/solana-transfer-lake/airflow/airflow_home/dags/solana_transfer_lake_dag.py for tasks to queue
[2026-01-01T18:52:37.743+0530] {logging_mixin.py:188} INFO - [2026-01-01T18:52:37.743+0530] {dagbag.py:545} INFO - Filling up the DagBag from /Users/kara/Desktop/solana-transfer-lake/airflow/airflow_home/dags/solana_transfer_lake_dag.py
[2026-01-01T18:52:37.774+0530] {processor.py:840} INFO - DAG(s) 'solana_transfer_lake' retrieved from /Users/kara/Desktop/solana-transfer-lake/airflow/airflow_home/dags/solana_transfer_lake_dag.py
[2026-01-01T18:52:37.947+0530] {logging_mixin.py:188} INFO - [2026-01-01T18:52:37.947+0530] {dag.py:3089} INFO - Sync 1 DAGs
[2026-01-01T18:52:37.978+0530] {logging_mixin.py:188} INFO - [2026-01-01T18:52:37.978+0530] {dag.py:3947} INFO - Setting next_dagrun for solana_transfer_lake to 2026-01-01 00:00:00+00:00, run_after=2026-01-02 00:00:00+00:00
[2026-01-01T18:52:38.007+0530] {processor.py:183} INFO - Processing /Users/kara/Desktop/solana-transfer-lake/airflow/airflow_home/dags/solana_transfer_lake_dag.py took 0.271 seconds
[2026-01-01T18:53:11.414+0530] {processor.py:161} INFO - Started process (PID=38771) to work on /Users/kara/Desktop/solana-transfer-lake/airflow/airflow_home/dags/solana_transfer_lake_dag.py
[2026-01-01T18:53:11.417+0530] {processor.py:830} INFO - Processing file /Users/kara/Desktop/solana-transfer-lake/airflow/airflow_home/dags/solana_transfer_lake_dag.py for tasks to queue
[2026-01-01T18:53:11.418+0530] {logging_mixin.py:188} INFO - [2026-01-01T18:53:11.417+0530] {dagbag.py:545} INFO - Filling up the DagBag from /Users/kara/Desktop/solana-transfer-lake/airflow/airflow_home/dags/solana_transfer_lake_dag.py
[2026-01-01T18:53:11.453+0530] {processor.py:840} INFO - DAG(s) 'solana_transfer_lake' retrieved from /Users/kara/Desktop/solana-transfer-lake/airflow/airflow_home/dags/solana_transfer_lake_dag.py
[2026-01-01T18:53:11.609+0530] {logging_mixin.py:188} INFO - [2026-01-01T18:53:11.609+0530] {dag.py:3089} INFO - Sync 1 DAGs
[2026-01-01T18:53:11.629+0530] {logging_mixin.py:188} INFO - [2026-01-01T18:53:11.629+0530] {dag.py:3947} INFO - Setting next_dagrun for solana_transfer_lake to 2026-01-01 00:00:00+00:00, run_after=2026-01-02 00:00:00+00:00
[2026-01-01T18:53:11.652+0530] {processor.py:183} INFO - Processing /Users/kara/Desktop/solana-transfer-lake/airflow/airflow_home/dags/solana_transfer_lake_dag.py took 0.242 seconds
[2026-01-01T18:53:46.644+0530] {processor.py:161} INFO - Started process (PID=38784) to work on /Users/kara/Desktop/solana-transfer-lake/airflow/airflow_home/dags/solana_transfer_lake_dag.py
[2026-01-01T18:53:46.648+0530] {processor.py:830} INFO - Processing file /Users/kara/Desktop/solana-transfer-lake/airflow/airflow_home/dags/solana_transfer_lake_dag.py for tasks to queue
[2026-01-01T18:53:46.650+0530] {logging_mixin.py:188} INFO - [2026-01-01T18:53:46.649+0530] {dagbag.py:545} INFO - Filling up the DagBag from /Users/kara/Desktop/solana-transfer-lake/airflow/airflow_home/dags/solana_transfer_lake_dag.py
[2026-01-01T18:53:46.692+0530] {processor.py:840} INFO - DAG(s) 'solana_transfer_lake' retrieved from /Users/kara/Desktop/solana-transfer-lake/airflow/airflow_home/dags/solana_transfer_lake_dag.py
[2026-01-01T18:53:46.973+0530] {logging_mixin.py:188} INFO - [2026-01-01T18:53:46.972+0530] {dag.py:3089} INFO - Sync 1 DAGs
[2026-01-01T18:53:47.039+0530] {logging_mixin.py:188} INFO - [2026-01-01T18:53:47.038+0530] {dag.py:3947} INFO - Setting next_dagrun for solana_transfer_lake to 2026-01-01 00:00:00+00:00, run_after=2026-01-02 00:00:00+00:00
[2026-01-01T18:53:47.103+0530] {processor.py:183} INFO - Processing /Users/kara/Desktop/solana-transfer-lake/airflow/airflow_home/dags/solana_transfer_lake_dag.py took 0.463 seconds
[2026-01-01T18:54:20.211+0530] {processor.py:161} INFO - Started process (PID=38788) to work on /Users/kara/Desktop/solana-transfer-lake/airflow/airflow_home/dags/solana_transfer_lake_dag.py
[2026-01-01T18:54:20.216+0530] {processor.py:830} INFO - Processing file /Users/kara/Desktop/solana-transfer-lake/airflow/airflow_home/dags/solana_transfer_lake_dag.py for tasks to queue
[2026-01-01T18:54:20.217+0530] {logging_mixin.py:188} INFO - [2026-01-01T18:54:20.217+0530] {dagbag.py:545} INFO - Filling up the DagBag from /Users/kara/Desktop/solana-transfer-lake/airflow/airflow_home/dags/solana_transfer_lake_dag.py
[2026-01-01T18:54:20.250+0530] {processor.py:840} INFO - DAG(s) 'solana_transfer_lake' retrieved from /Users/kara/Desktop/solana-transfer-lake/airflow/airflow_home/dags/solana_transfer_lake_dag.py
[2026-01-01T18:54:20.414+0530] {logging_mixin.py:188} INFO - [2026-01-01T18:54:20.413+0530] {dag.py:3089} INFO - Sync 1 DAGs
[2026-01-01T18:54:20.433+0530] {logging_mixin.py:188} INFO - [2026-01-01T18:54:20.433+0530] {dag.py:3947} INFO - Setting next_dagrun for solana_transfer_lake to 2026-01-01 00:00:00+00:00, run_after=2026-01-02 00:00:00+00:00
[2026-01-01T18:54:20.455+0530] {processor.py:183} INFO - Processing /Users/kara/Desktop/solana-transfer-lake/airflow/airflow_home/dags/solana_transfer_lake_dag.py took 0.247 seconds
