[2026-01-01T18:37:33.815+0530] {local_task_job_runner.py:120} INFO - ::group::Pre task execution logs
[2026-01-01T18:37:33.857+0530] {taskinstance.py:2076} INFO - Dependencies all met for dep_context=non-requeueable deps ti=<TaskInstance: solana_transfer_lake.fetch_raw_data manual__2026-01-01T13:07:27.572218+00:00 [queued]>
[2026-01-01T18:37:33.869+0530] {taskinstance.py:2076} INFO - Dependencies all met for dep_context=requeueable deps ti=<TaskInstance: solana_transfer_lake.fetch_raw_data manual__2026-01-01T13:07:27.572218+00:00 [queued]>
[2026-01-01T18:37:33.869+0530] {taskinstance.py:2306} INFO - Starting attempt 1 of 1
[2026-01-01T18:37:33.888+0530] {taskinstance.py:2330} INFO - Executing <Task(BashOperator): fetch_raw_data> on 2026-01-01 13:07:27.572218+00:00
[2026-01-01T18:37:33.891+0530] {standard_task_runner.py:64} INFO - Started process 37378 to run task
[2026-01-01T18:37:33.904+0530] {standard_task_runner.py:90} INFO - Running: ['airflow', 'tasks', 'run', 'solana_transfer_lake', 'fetch_raw_data', 'manual__2026-01-01T13:07:27.572218+00:00', '--job-id', '11', '--raw', '--subdir', 'DAGS_FOLDER/solana_transfer_lake_dag.py', '--cfg-path', '/var/folders/v7/zbs3yzpx43z_lrltnvljh6580000gn/T/tmp8xqi7q7_']
[2026-01-01T18:37:33.910+0530] {standard_task_runner.py:91} INFO - Job 11: Subtask fetch_raw_data
[2026-01-01T18:37:33.998+0530] {task_command.py:426} INFO - Running <TaskInstance: solana_transfer_lake.fetch_raw_data manual__2026-01-01T13:07:27.572218+00:00 [running]> on host karas-macbook-air.local
[2026-01-01T18:37:34.108+0530] {taskinstance.py:2648} INFO - Exporting env vars: AIRFLOW_CTX_DAG_OWNER='airflow' AIRFLOW_CTX_DAG_ID='solana_transfer_lake' AIRFLOW_CTX_TASK_ID='fetch_raw_data' AIRFLOW_CTX_EXECUTION_DATE='2026-01-01T13:07:27.572218+00:00' AIRFLOW_CTX_TRY_NUMBER='1' AIRFLOW_CTX_DAG_RUN_ID='manual__2026-01-01T13:07:27.572218+00:00'
[2026-01-01T18:37:34.110+0530] {taskinstance.py:430} INFO - ::endgroup::
[2026-01-01T18:37:34.165+0530] {subprocess.py:63} INFO - Tmp dir root location: /var/folders/v7/zbs3yzpx43z_lrltnvljh6580000gn/T
[2026-01-01T18:37:34.171+0530] {subprocess.py:75} INFO - Running command: ['/bin/bash', '-c', '\n    cd /Users/kara/Desktop/solana-transfer-lake &&\n    source .pavenv/bin/activate &&\n    python scripts/fetch_helius_transfers.py --date 2026-01-01\n    ']
[2026-01-01T18:37:34.215+0530] {subprocess.py:86} INFO - Output:
[2026-01-01T18:37:38.183+0530] {subprocess.py:97} INFO - Command exited with return code 0
[2026-01-01T18:37:38.186+0530] {taskinstance.py:441} INFO - ::group::Post task execution logs
[2026-01-01T18:37:38.210+0530] {taskinstance.py:1206} INFO - Marking task as SUCCESS. dag_id=solana_transfer_lake, task_id=fetch_raw_data, run_id=manual__2026-01-01T13:07:27.572218+00:00, execution_date=20260101T130727, start_date=20260101T130733, end_date=20260101T130738
[2026-01-01T18:37:38.273+0530] {local_task_job_runner.py:243} INFO - Task exited with return code 0
[2026-01-01T18:37:38.303+0530] {taskinstance.py:3503} INFO - 1 downstream tasks scheduled from follow-on schedule check
[2026-01-01T18:37:38.306+0530] {local_task_job_runner.py:222} INFO - ::endgroup::
